<html>
<body>
<pre>
<h1>µVision Build Log</h1>
<h2>Tool Versions:</h2>
IDE-Version: ¦ÌVision V5.31.0.0
Copyright (C) 2020 ARM Ltd and ARM Germany GmbH. All rights reserved.
License Information: mu tou, 1, LIC=65ISZ-JCZJG-740S0-BEHBG-PL124-LMCSQ
 
Tool Versions:
Toolchain:       MDK-ARM Plus  Version: 5.31.0.0
Toolchain Path:  D:\Program Files\Keil_v5\ARM\ARMCC\Bin
C Compiler:      Armcc.exe V5.06 update 6 (build 750)
Assembler:       Armasm.exe V5.06 update 6 (build 750)
Linker/Locator:  ArmLink.exe V5.06 update 6 (build 750)
Library Manager: ArmAr.exe V5.06 update 6 (build 750)
Hex Converter:   FromElf.exe V5.06 update 6 (build 750)
CPU DLL:         SARMCM3.DLL V5.31.0.0
Dialog DLL:      DCM.DLL V1.17.3.0
Target DLL:      Segger\JL2CM3.dll V2.99.38.0
Dialog DLL:      TCM.DLL V1.46.0.0
 
<h2>Project:</h2>
E:\Project\GITHUBproject\STM32ChassisDriver\USER\STM32ChassisDriver.uvproj
Project File Date:  10/29/2020

<h2>Output:</h2>
*** Using Compiler 'V5.06 update 6 (build 750)', folder: 'D:\Program Files\Keil_v5\ARM\ARMCC\Bin'
Rebuild target 'STM32ChassisDriver'
compiling main.c...
compiling timer.c...
compiling iwdg.c...
compiling stm32f4xx_it.c...
compiling pwm.c...
compiling adc.c...
compiling exti.c...
compiling rs485.c...
compiling system_stm32f4xx.c...
compiling rs232.c...
compiling led.c...
compiling can.c...
compiling myiic.c...
compiling spi.c...
compiling delay.c...
compiling motor.c...
..\SOFTWARE\MOTOR\motor.c(48): warning:  #550-D: variable "ret_A"  was set but never used
      uint8_t ret_A = 1, ret_B = 1;
..\SOFTWARE\MOTOR\motor.c(48): warning:  #550-D: variable "ret_B"  was set but never used
      uint8_t ret_A = 1, ret_B = 1;
..\SOFTWARE\MOTOR\motor.c: 2 warnings, 0 errors
compiling usart.c...
compiling sys.c...
compiling protocol.c...
compiling usmart_config.c...
compiling feedback.c...
compiling botarm.c...
..\SOFTWARE\BOTARM\botarm.c(48): warning:  #550-D: variable "ret_RDArm"  was set but never used
      uint8_t ret_RDArm = 1, ret_LDArm = 1;
..\SOFTWARE\BOTARM\botarm.c(48): warning:  #550-D: variable "ret_LDArm"  was set but never used
      uint8_t ret_RDArm = 1, ret_LDArm = 1;
..\SOFTWARE\BOTARM\botarm.c: 2 warnings, 0 errors
compiling usmart.c...
compiling usmart_str.c...
compiling misc.c...
compiling stm32f4xx_gpio.c...
compiling stm32f4xx_iwdg.c...
compiling stm32f4xx_syscfg.c...
compiling stm32f4xx_usart.c...
compiling stm32f4xx_i2c.c...
compiling stm32f4xx_adc.c...
compiling stm32f4xx_tim.c...
compiling stm32f4xx_rcc.c...
compiling stm32f4xx_can.c...
assembling startup_stm32f40_41xxx.s...
compiling stm32f4xx_spi.c...
compiling stm32f4xx_exti.c...
compiling stm32f4xx_fsmc.c...
linking...
Program Size: Code=30504 RO-data=732 RW-data=456 ZI-data=2232  
FromELF: creating hex file...
"..\OBJ\STM32ChassisDriver.axf" - 0 Error(s), 4 Warning(s).
Build Time Elapsed:  00:00:05
</pre>
</body>
</html>
