Component: ARM Compiler 5.06 update 6 (build 750) Tool: armlink [4d35ed]

==============================================================================

Section Cross References

    main.o(.text) refers to misc.o(.text) for NVIC_PriorityGroupConfig
    main.o(.text) refers to delay.o(.text) for delay_init
    main.o(.text) refers to usart.o(.text) for DEBUG_USART_Init
    main.o(.text) refers to timer.o(.text) for TIM5_Init
    main.o(.text) refers to led.o(.text) for LED_Init
    main.o(.text) refers to exti.o(.text) for EXTIX_Init
    main.o(.text) refers to pwm.o(.text) for TIM3_PWM_Init
    main.o(.text) refers to rs232.o(.text) for RS232_Init
    main.o(.text) refers to rs485.o(.text) for RS485_Init
    main.o(.text) refers to myiic.o(.text) for IIC_Init
    main.o(.text) refers to spi.o(.text) for SPI2_Init
    main.o(.text) refers to adc.o(.text) for Adc_Init
    main.o(.text) refers to can.o(.text) for CAN1_Configuration
    main.o(.text) refers to motor.o(.text) for MOTOR_Init
    main.o(.text) refers to botarm.o(.text) for BOTARM_Init
    main.o(.text) refers to iwdg.o(.text) for IWDG_Init
    main.o(.text) refers to stm32f4xx_tim.o(.text) for TIM_SetCompare1
    main.o(.text) refers to feedback.o(.text) for feedback_RS232
    main.o(.text) refers to usmart_config.o(.data) for usmart_dev
    main.o(.text) refers to timer.o(.data) for ANO_Scan
    system_stm32f4xx.o(.text) refers to system_stm32f4xx.o(.data) for SystemCoreClock
    led.o(.text) refers to _printf_percent.o(.ARM.Collect$$_printf_percent$$00000000) for _printf_percent
    led.o(.text) refers to _printf_d.o(.ARM.Collect$$_printf_percent$$00000009) for _printf_d
    led.o(.text) refers to _printf_s.o(.ARM.Collect$$_printf_percent$$00000014) for _printf_s
    led.o(.text) refers to _printf_dec.o(.text) for _printf_int_dec
    led.o(.text) refers to _printf_str.o(.text) for _printf_str
    led.o(.text) refers to stm32f4xx_rcc.o(.text) for RCC_AHB1PeriphClockCmd
    led.o(.text) refers to stm32f4xx_gpio.o(.text) for GPIO_Init
    led.o(.text) refers to noretval__2printf.o(.text) for __2printf
    led.o(.text) refers to led.o(.constdata) for __FUNCTION__
    led.o(.text) refers to led.o(.data) for count
    pwm.o(.text) refers to stm32f4xx_rcc.o(.text) for RCC_APB1PeriphClockCmd
    pwm.o(.text) refers to stm32f4xx_gpio.o(.text) for GPIO_PinAFConfig
    pwm.o(.text) refers to stm32f4xx_tim.o(.text) for TIM_TimeBaseInit
    rs485.o(.text) refers to stm32f4xx_rcc.o(.text) for RCC_AHB1PeriphClockCmd
    rs485.o(.text) refers to stm32f4xx_gpio.o(.text) for GPIO_PinAFConfig
    rs485.o(.text) refers to stm32f4xx_usart.o(.text) for USART_Init
    rs485.o(.text) refers to misc.o(.text) for NVIC_Init
    rs485.o(.text) refers to rs485.o(.bss) for RS485_Rxbuf
    rs485.o(.text) refers to rs485.o(.data) for received_RS485_len
    rs232.o(.text) refers to stm32f4xx_rcc.o(.text) for RCC_AHB1PeriphClockCmd
    rs232.o(.text) refers to stm32f4xx_gpio.o(.text) for GPIO_PinAFConfig
    rs232.o(.text) refers to stm32f4xx_usart.o(.text) for USART_Init
    rs232.o(.text) refers to misc.o(.text) for NVIC_Init
    rs232.o(.text) refers to protocol.o(.text) for protocol_RS232
    rs232.o(.text) refers to rs232.o(.bss) for RS232_Rxbuf
    rs232.o(.text) refers to rs232.o(.data) for RxCnt
    timer.o(.text) refers to stm32f4xx_rcc.o(.text) for RCC_APB1PeriphClockCmd
    timer.o(.text) refers to stm32f4xx_tim.o(.text) for TIM_TimeBaseInit
    timer.o(.text) refers to misc.o(.text) for NVIC_Init
    timer.o(.text) refers to timer.o(.data) for ms5
    iwdg.o(.text) refers to stm32f4xx_iwdg.o(.text) for IWDG_WriteAccessCmd
    exti.o(.text) refers to stm32f4xx_rcc.o(.text) for RCC_APB2PeriphClockCmd
    exti.o(.text) refers to stm32f4xx_gpio.o(.text) for GPIO_Init
    exti.o(.text) refers to stm32f4xx_syscfg.o(.text) for SYSCFG_EXTILineConfig
    exti.o(.text) refers to stm32f4xx_exti.o(.text) for EXTI_Init
    exti.o(.text) refers to misc.o(.text) for NVIC_Init
    exti.o(.text) refers to delay.o(.text) for delay_ms
    adc.o(.text) refers to stm32f4xx_rcc.o(.text) for RCC_AHB1PeriphClockCmd
    adc.o(.text) refers to stm32f4xx_gpio.o(.text) for GPIO_Init
    adc.o(.text) refers to stm32f4xx_adc.o(.text) for ADC_TempSensorVrefintCmd
    adc.o(.text) refers to delay.o(.text) for delay_ms
    adc.o(.text) refers to f2d.o(x$fpl$f2d) for __aeabi_f2d
    adc.o(.text) refers to dmul.o(x$fpl$dmul) for __aeabi_dmul
    adc.o(.text) refers to daddsub_clz.o(x$fpl$dsub) for __aeabi_dsub
    adc.o(.text) refers to ddiv.o(x$fpl$ddiv) for __aeabi_ddiv
    adc.o(.text) refers to daddsub_clz.o(x$fpl$dadd) for __aeabi_dadd
    adc.o(.text) refers to dfix.o(x$fpl$dfix) for __aeabi_d2iz
    can.o(.text) refers to _printf_percent.o(.ARM.Collect$$_printf_percent$$00000000) for _printf_percent
    can.o(.text) refers to _printf_d.o(.ARM.Collect$$_printf_percent$$00000009) for _printf_d
    can.o(.text) refers to _printf_s.o(.ARM.Collect$$_printf_percent$$00000014) for _printf_s
[...]
    .data                                    0x2000004a   Section       49  feedback.o(.data)
    feedback_frame_id                        0x20000052   Data           2  feedback.o(.data)
    SendSysStatCnt                           0x20000074   Data           1  feedback.o(.data)
    SendChassisDrvCnt                        0x20000075   Data           1  feedback.o(.data)
    SendIMUCnt                               0x20000076   Data           1  feedback.o(.data)
    SendSonarCnt                             0x20000077   Data           1  feedback.o(.data)
    SendGPSCnt                               0x20000078   Data           1  feedback.o(.data)
    SendARMCnt                               0x20000079   Data           1  feedback.o(.data)
    SendLEDCnt                               0x2000007a   Data           1  feedback.o(.data)
    .data                                    0x2000007c   Section        4  delay.o(.data)
    fac_us                                   0x2000007c   Data           1  delay.o(.data)
    fac_ms                                   0x2000007e   Data           2  delay.o(.data)
    .data                                    0x20000080   Section        8  usart.o(.data)
    .data                                    0x20000088   Section       28  usmart.o(.data)
    .data                                    0x200000a4   Section      276  usmart_config.o(.data)
    .data                                    0x200001b8   Section       16  stm32f4xx_rcc.o(.data)
    APBAHBPrescTable                         0x200001b8   Data          16  stm32f4xx_rcc.o(.data)
    .bss                                     0x200001c8   Section      128  rs485.o(.bss)
    .bss                                     0x20000248   Section      128  rs232.o(.bss)
    .bss                                     0x200002c8   Section       40  protocol.o(.bss)
    .bss                                     0x200002f0   Section       42  feedback.o(.bss)
    .bss                                     0x2000031a   Section      256  usart.o(.bss)
    .bss                                     0x2000041c   Section       96  libspace.o(.bss)
    HEAP                                     0x20000480   Section      512  startup_stm32f40_41xxx.o(HEAP)
    Heap_Mem                                 0x20000480   Data         512  startup_stm32f40_41xxx.o(HEAP)
    STACK                                    0x20000680   Section     1024  startup_stm32f40_41xxx.o(STACK)
    Stack_Mem                                0x20000680   Data        1024  startup_stm32f40_41xxx.o(STACK)
    __initial_sp                             0x20000a80   Data           0  startup_stm32f40_41xxx.o(STACK)

    Global Symbols

    Symbol Name                              Value     Ov Type        Size  Object(Section)

    BuildAttributes$$THM_ISAv4$E$P$D$K$B$S$7EM$VFPi3$EXTD16$VFPS$VFMA$PE$A:L22UL41UL21$X:L11$S22US41US21$IEEE1$IW$USESV6$~STKCKD$USESV7$~SHL$OSPACE$ROPI$EBA8$UX$STANDARDLIB$REQ8$PRES8$EABIv2 0x00000000   Number         0  anon$$obj.o ABSOLUTE
    __ARM_use_no_argv                        0x00000000   Number         0  main.o ABSOLUTE
    _printf_flags                            0x00000000   Number         0  printf_stubs.o ABSOLUTE
    _printf_return_value                     0x00000000   Number         0  printf_stubs.o ABSOLUTE
    _printf_sizespec                         0x00000000   Number         0  printf_stubs.o ABSOLUTE
    _printf_widthprec                        0x00000000   Number         0  printf_stubs.o ABSOLUTE
    __ARM_exceptions_init                     - Undefined Weak Reference
    __alloca_initialize                       - Undefined Weak Reference
    __arm_preinit_                            - Undefined Weak Reference
    __cpp_initialize__aeabi_                  - Undefined Weak Reference
    __cxa_finalize                            - Undefined Weak Reference
    __rt_locale                               - Undefined Weak Reference
    __sigvec_lookup                           - Undefined Weak Reference
    _atexit_init                              - Undefined Weak Reference
    _call_atexit_fns                          - Undefined Weak Reference
    _clock_init                               - Undefined Weak Reference
    _fp_trap_init                             - Undefined Weak Reference
    _fp_trap_shutdown                         - Undefined Weak Reference
    _get_lc_collate                           - Undefined Weak Reference
    _get_lc_ctype                             - Undefined Weak Reference
    _get_lc_monetary                          - Undefined Weak Reference
    _get_lc_numeric                           - Undefined Weak Reference
    _get_lc_time                              - Undefined Weak Reference
    _getenv_init                              - Undefined Weak Reference
    _handle_redirection                       - Undefined Weak Reference
    _init_alloc                               - Undefined Weak Reference
    _init_user_alloc                          - Undefined Weak Reference
    _initio                                   - Undefined Weak Reference
    _mutex_acquire                            - Undefined Weak Reference
    _mutex_release                            - Undefined Weak Reference
    _printf_mbtowc                            - Undefined Weak Reference
    _printf_truncate_signed                   - Undefined Weak Reference
    _printf_truncate_unsigned                 - Undefined Weak Reference
    _rand_init                                - Undefined Weak Reference
    _signal_finish                            - Undefined Weak Reference
    _signal_init                              - Undefined Weak Reference
    _terminate_alloc                          - Undefined Weak Reference
    _terminate_user_alloc                     - Undefined Weak Reference
    _terminateio                              - Undefined Weak Reference
    __Vectors_Size                           0x00000188   Number         0  startup_stm32f40_41xxx.o ABSOLUTE
    __Vectors                                0x08000000   Data           4  startup_stm32f40_41xxx.o(RESET)
    __Vectors_End                            0x08000188   Data           0  startup_stm32f40_41xxx.o(RESET)
    __main                                   0x08000189   Thumb Code     8  __main.o(!!!main)
    __scatterload                            0x08000191   Thumb Code     0  __scatter.o(!!!scatter)
    __scatterload_rt2                        0x08000191   Thumb Code    44  __scatter.o(!!!scatter)
    __scatterload_rt2_thumb_only             0x08000191   Thumb Code     0  __scatter.o(!!!scatter)
    __scatterload_null                       0x0800019f   Thumb Code     0  __scatter.o(!!!scatter)
    __decompress                             0x080001c5   Thumb Code    90  __dczerorl2.o(!!dczerorl2)
    __decompress1                            0x080001c5   Thumb Code     0  __dczerorl2.o(!!dczerorl2)
    __scatterload_zeroinit                   0x08000221   Thumb Code    28  __scatter_zi.o(!!handler_zi)
    _printf_d                                0x0800023d   Thumb Code     0  _printf_d.o(.ARM.Collect$$_printf_percent$$00000009)
    _printf_percent                          0x0800023d   Thumb Code     0  _printf_percent.o(.ARM.Collect$$_printf_percent$$00000000)
    _printf_u                                0x08000243   Thumb Code     0  _printf_u.o(.ARM.Collect$$_printf_percent$$0000000A)
    _printf_x                                0x08000249   Thumb Code     0  _printf_x.o(.ARM.Collect$$_printf_percent$$0000000C)
    _printf_c                                0x0800024f   Thumb Code     0  _printf_c.o(.ARM.Collect$$_printf_percent$$00000013)
    _printf_s                                0x08000255   Thumb Code     0  _printf_s.o(.ARM.Collect$$_printf_percent$$00000014)
    _printf_percent_end                      0x0800025b   Thumb Code     0  _printf_percent_end.o(.ARM.Collect$$_printf_percent$$00000017)
    __rt_lib_init                            0x0800025f   Thumb Code     0  libinit.o(.ARM.Collect$$libinit$$00000000)
    __rt_lib_init_fp_1                       0x08000261   Thumb Code     0  libinit2.o(.ARM.Collect$$libinit$$00000001)
    __rt_lib_init_alloca_1                   0x08000265   Thumb Code     0  libinit2.o(.ARM.Collect$$libinit$$0000002E)
    __rt_lib_init_argv_1                     0x08000265   Thumb Code     0  libinit2.o(.ARM.Collect$$libinit$$0000002C)
    __rt_lib_init_atexit_1                   0x08000265   Thumb Code     0  libinit2.o(.ARM.Collect$$libinit$$0000001B)
    __rt_lib_init_clock_1                    0x08000265   Thumb Code     0  libinit2.o(.ARM.Collect$$libinit$$00000021)
    __rt_lib_init_cpp_1                      0x08000265   Thumb Code     0  libinit2.o(.ARM.Collect$$libinit$$00000032)
    __rt_lib_init_exceptions_1               0x08000265   Thumb Code     0  libinit2.o(.ARM.Collect$$libinit$$00000030)
    __rt_lib_init_fp_trap_1                  0x08000265   Thumb Code     0  libinit2.o(.ARM.Collect$$libinit$$0000001F)
    __rt_lib_init_getenv_1                   0x08000265   Thumb Code     0  libinit2.o(.ARM.Collect$$libinit$$00000023)
    __rt_lib_init_heap_1                     0x08000265   Thumb Code     0  libinit2.o(.ARM.Collect$$libinit$$0000000A)
    __rt_lib_init_lc_collate_1               0x08000265   Thumb Code     0  libinit2.o(.ARM.Collect$$libinit$$00000011)
    __rt_lib_init_lc_ctype_1                 0x08000265   Thumb Code     0  libinit2.o(.ARM.Collect$$libinit$$00000013)
    __rt_lib_init_lc_monetary_1              0x08000265   Thumb Code     0  libinit2.o(.ARM.Collect$$libinit$$00000015)
    __rt_lib_init_lc_numeric_1               0x08000265   Thumb Code     0  libinit2.o(.ARM.Collect$$libinit$$00000017)
    __rt_lib_init_lc_time_1                  0x08000265   Thumb Code     0  libinit2.o(.ARM.Collect$$libinit$$00000019)
    __rt_lib_init_preinit_1                  0x08000265   Thumb Code     0  libinit2.o(.ARM.Collect$$libinit$$00000004)
    __rt_lib_init_rand_1                     0x08000265   Thumb Code     0  libinit2.o(.ARM.Collect$$libinit$$0000000E)
    __rt_lib_init_return                     0x08000265   Thumb Code     0  libinit2.o(.ARM.Collect$$libinit$$00000033)
    __rt_lib_init_signal_1                   0x08000265   Thumb Code     0  libinit2.o(.ARM.Collect$$libinit$$0000001D)
    __rt_lib_init_stdio_1                    0x08000265   Thumb Code     0  libinit2.o(.ARM.Collect$$libinit$$00000025)
    __rt_lib_init_user_alloc_1               0x08000265   Thumb Code     0  libinit2.o(.ARM.Collect$$libinit$$0000000C)
    __rt_lib_shutdown                        0x08000267   Thumb Code     0  libshutdown.o(.ARM.Collect$$libshutdown$$00000000)
    __rt_lib_shutdown_cpp_1                  0x08000269   Thumb Code     0  libshutdown2.o(.ARM.Collect$$libshutdown$$00000002)
    __rt_lib_shutdown_fp_trap_1              0x08000269   Thumb Code     0  libshutdown2.o(.ARM.Collect$$libshutdown$$00000007)
    __rt_lib_shutdown_heap_1                 0x08000269   Thumb Code     0  libshutdown2.o(.ARM.Collect$$libshutdown$$0000000F)
    __rt_lib_shutdown_return                 0x08000269   Thumb Code     0  libshutdown2.o(.ARM.Collect$$libshutdown$$00000010)
    __rt_lib_shutdown_signal_1               0x08000269   Thumb Code     0  libshutdown2.o(.ARM.Collect$$libshutdown$$0000000A)
    __rt_lib_shutdown_stdio_1                0x08000269   Thumb Code     0  libshutdown2.o(.ARM.Collect$$libshutdown$$00000004)
    __rt_lib_shutdown_user_alloc_1           0x08000269   Thumb Code     0  libshutdown2.o(.ARM.Collect$$libshutdown$$0000000C)
    __rt_entry                               0x0800026b   Thumb Code     0  __rtentry.o(.ARM.Collect$$rtentry$$00000000)
    __rt_entry_presh_1                       0x0800026b   Thumb Code     0  __rtentry2.o(.ARM.Collect$$rtentry$$00000002)
    __rt_entry_sh                            0x0800026b   Thumb Code     0  __rtentry4.o(.ARM.Collect$$rtentry$$00000004)
    __rt_entry_li                            0x08000271   Thumb Code     0  __rtentry2.o(.ARM.Collect$$rtentry$$0000000A)
    __rt_entry_postsh_1                      0x08000271   Thumb Code     0  __rtentry2.o(.ARM.Collect$$rtentry$$00000009)
    __rt_entry_main                          0x08000275   Thumb Code     0  __rtentry2.o(.ARM.Collect$$rtentry$$0000000D)
    __rt_entry_postli_1                      0x08000275   Thumb Code     0  __rtentry2.o(.ARM.Collect$$rtentry$$0000000C)
    __rt_exit                                0x0800027d   Thumb Code     0  rtexit.o(.ARM.Collect$$rtexit$$00000000)
    __rt_exit_ls                             0x0800027f   Thumb Code     0  rtexit2.o(.ARM.Collect$$rtexit$$00000003)
    __rt_exit_prels_1                        0x0800027f   Thumb Code     0  rtexit2.o(.ARM.Collect$$rtexit$$00000002)
    __rt_exit_exit                           0x08000283   Thumb Code     0  rtexit2.o(.ARM.Collect$$rtexit$$00000004)
    main                                     0x08000289   Thumb Code   200  main.o(.text)
    NMI_Handler                              0x0800036d   Thumb Code     2  stm32f4xx_it.o(.text)
    HardFault_Handler                        0x0800036f   Thumb Code     4  stm32f4xx_it.o(.text)
    MemManage_Handler                        0x08000373   Thumb Code     4  stm32f4xx_it.o(.text)
    BusFault_Handler                         0x08000377   Thumb Code     4  stm32f4xx_it.o(.text)
    UsageFault_Handler                       0x0800037b   Thumb Code     4  stm32f4xx_it.o(.text)
    SVC_Handler                              0x0800037f   Thumb Code     2  stm32f4xx_it.o(.text)
    DebugMon_Handler                         0x08000381   Thumb Code     2  stm32f4xx_it.o(.text)
    PendSV_Handler                           0x08000383   Thumb Code     2  stm32f4xx_it.o(.text)
    SysTick_Handler                          0x08000385   Thumb Code     2  stm32f4xx_it.o(.text)
    SystemInit                               0x08000465   Thumb Code    88  system_stm32f4xx.o(.text)
    SystemCoreClockUpdate                    0x080004bd   Thumb Code   174  system_stm32f4xx.o(.text)
    LED_Init                                 0x08000599   Thumb Code    82  led.o(.text)
    LED_Light                                0x080005eb   Thumb Code   290  led.o(.text)
    BEEP_Init                                0x0800070d   Thumb Code    78  led.o(.text)
    BEEP_Call                                0x0800075b   Thumb Code    40  led.o(.text)
    TIM3_PWM_Init                            0x08000841   Thumb Code   150  pwm.o(.text)
    RS485_Init                               0x080008e1   Thumb Code   198  rs485.o(.text)
    USART6_IRQHandler                        0x080009a7   Thumb Code    42  rs485.o(.text)
    RS485_Send_Data                          0x080009d1   Thumb Code    68  rs485.o(.text)
    RS232_Init                               0x08000a2d   Thumb Code   172  rs232.o(.text)
    USART1_IRQHandler                        0x08000ad9   Thumb Code   164  rs232.o(.text)
    RS232_Send_Data                          0x08000b7d   Thumb Code    56  rs232.o(.text)
    TIM5_Init                                0x08000bc9   Thumb Code    86  timer.o(.text)
    TIM5_IRQHandler                          0x08000c1f   Thumb Code   230  timer.o(.text)
    IWDG_Init                                0x08000d3d   Thumb Code    36  iwdg.o(.text)
    IWDG_Feed                                0x08000d61   Thumb Code     8  iwdg.o(.text)
    EXTIX_Init                               0x08000d69   Thumb Code   138  exti.o(.text)
    EXTI9_5_IRQHandler                       0x08000df3   Thumb Code    52  exti.o(.text)
    Adc_Init                                 0x08000e31   Thumb Code   154  adc.o(.text)
    Get_Adc                                  0x08000ecb   Thumb Code    44  adc.o(.text)
    Get_Adc_Average                          0x08000ef7   Thumb Code    46  adc.o(.text)
    Get_Temprate                             0x08000f25   Thumb Code   140  adc.o(.text)
    CAN1_Configuration                       0x08000fe1   Thumb Code   234  can.o(.text)
    CAN1_Send_Msg                            0x080010cb   Thumb Code   144  can.o(.text)
    CAN1_RX0_IRQHandler                      0x0800115b   Thumb Code   428  can.o(.text)
    IIC_Init                                 0x080013f5   Thumb Code    60  myiic.o(.text)
    IIC_Start                                0x08001431   Thumb Code    68  myiic.o(.text)
    IIC_Stop                                 0x08001475   Thumb Code    62  myiic.o(.text)
    IIC_Wait_Ack                             0x080014b3   Thumb Code    82  myiic.o(.text)
    IIC_Ack                                  0x08001505   Thumb Code    66  myiic.o(.text)
    IIC_NAck                                 0x08001547   Thumb Code    66  myiic.o(.text)
    IIC_Send_Byte                            0x08001589   Thumb Code    90  myiic.o(.text)
    IIC_Read_Byte                            0x080015e3   Thumb Code    94  myiic.o(.text)
    SPI2_Init                                0x0800164d   Thumb Code   182  spi.o(.text)
    SPI2_ReadByte                            0x08001703   Thumb Code    50  spi.o(.text)
    SPI2_WriteByte                           0x08001735   Thumb Code    28  spi.o(.text)
    SPI2_Write                               0x08001751   Thumb Code    46  spi.o(.text)
    SPI2_Read                                0x0800177f   Thumb Code    66  spi.o(.text)
    protocol_RS232                           0x080017f3   Thumb Code   532  protocol.o(.text)
    protocol_RS485                           0x08001a43   Thumb Code   360  protocol.o(.text)
    modbus_send                              0x08001bab   Thumb Code   730  protocol.o(.text)
    SendLEDFBFunc                            0x08001edf   Thumb Code   100  feedback.o(.text)
    SendBotArmFunc                           0x08001f43   Thumb Code   162  feedback.o(.text)
    SendGPSFunc                              0x08001fe5   Thumb Code   102  feedback.o(.text)
    SendSonarFunc                            0x0800204b   Thumb Code   100  feedback.o(.text)
    SendIMUFunc                              0x080020af   Thumb Code   128  feedback.o(.text)
    SendChassisDrvFunc                       0x0800212f   Thumb Code   108  feedback.o(.text)
    SendSysStatFunc                          0x0800219b   Thumb Code   102  feedback.o(.text)
    feedback_RS232                           0x08002201   Thumb Code   344  feedback.o(.text)
    SetMotor_EN                              0x0800236d   Thumb Code    38  motor.o(.text)
    MOTOR_Init                               0x08002393   Thumb Code    84  motor.o(.text)
    SetMotor_speed                           0x080023e7   Thumb Code    60  motor.o(.text)
    SetMotor_Speed                           0x08002423   Thumb Code    38  motor.o(.text)
    SetMotor_position                        0x08002449   Thumb Code    60  motor.o(.text)
    SetBotArm_EN                             0x08002495   Thumb Code   142  botarm.o(.text)
    BOTARM_Init                              0x08002523   Thumb Code    84  botarm.o(.text)
    SetBotArm_speed                          0x08002577   Thumb Code    60  botarm.o(.text)
    SetBotArm_Speed                          0x080025b3   Thumb Code   182  botarm.o(.text)
    SetBotArm_position                       0x08002669   Thumb Code   122  botarm.o(.text)
    delay_init                               0x080026f9   Thumb Code    52  delay.o(.text)
    delay_us                                 0x0800272d   Thumb Code    72  delay.o(.text)
    delay_xms                                0x08002775   Thumb Code    72  delay.o(.text)
    delay_ms                                 0x080027bd   Thumb Code    56  delay.o(.text)
    _sys_exit                                0x080027fd   Thumb Code     6  usart.o(.text)
    fputc                                    0x08002803   Thumb Code    24  usart.o(.text)
    DEBUG_USART_Init                         0x0800281b   Thumb Code   176  usart.o(.text)
    USART3_IRQHandler                        0x080028cb   Thumb Code   104  usart.o(.text)
    DEBUG_USART_Send                         0x08002933   Thumb Code    56  usart.o(.text)
    usmart_sys_cmd_exe                       0x0800297d   Thumb Code  1554  usmart.o(.text)
    usmart_reset_runtime                     0x08002f8f   Thumb Code    38  usmart.o(.text)
    usmart_get_runtime                       0x08002fb5   Thumb Code    60  usmart.o(.text)
    TIM4_IRQHandler                          0x08002ff1   Thumb Code    46  usmart.o(.text)
    Timer4_Init                              0x0800301f   Thumb Code    88  usmart.o(.text)
    usmart_init                              0x08003077   Thumb Code    36  usmart.o(.text)
    usmart_cmd_rec                           0x0800309b   Thumb Code   170  usmart.o(.text)
    usmart_exe                               0x08003145   Thumb Code   870  usmart.o(.text)
    usmart_scan                              0x080034ab   Thumb Code   118  usmart.o(.text)
    read_addr                                0x08003521   Thumb Code     6  usmart.o(.text)
    write_addr                               0x08003527   Thumb Code     4  usmart.o(.text)
    usmart_strcmp                            0x080035b5   Thumb Code    34  usmart_str.o(.text)
    usmart_strcopy                           0x080035d7   Thumb Code    22  usmart_str.o(.text)
    usmart_strlen                            0x080035ed   Thumb Code    24  usmart_str.o(.text)
    usmart_pow                               0x08003605   Thumb Code    22  usmart_str.o(.text)
    usmart_str2num                           0x0800361b   Thumb Code   202  usmart_str.o(.text)
    usmart_get_cmdname                       0x080036e5   Thumb Code    54  usmart_str.o(.text)
    usmart_search_nextc                      0x0800371b   Thumb Code    22  usmart_str.o(.text)
    usmart_get_fname                         0x08003731   Thumb Code   440  usmart_str.o(.text)
    usmart_get_aparm                         0x080038e9   Thumb Code   200  usmart_str.o(.text)
    usmart_get_parmpos                       0x080039b1   Thumb Code    26  usmart_str.o(.text)
    usmart_get_fparam                        0x080039cb   Thumb Code   262  usmart_str.o(.text)
    NVIC_PriorityGroupConfig                 0x08003add   Thumb Code    10  misc.o(.text)
    NVIC_Init                                0x08003ae7   Thumb Code   106  misc.o(.text)
    NVIC_SetVectorTable                      0x08003b51   Thumb Code    14  misc.o(.text)
    NVIC_SystemLPConfig                      0x08003b5f   Thumb Code    34  misc.o(.text)
    SysTick_CLKSourceConfig                  0x08003b81   Thumb Code    40  misc.o(.text)
    GPIO_DeInit                              0x08003bbd   Thumb Code   268  stm32f4xx_gpio.o(.text)
    GPIO_Init                                0x08003cc9   Thumb Code   144  stm32f4xx_gpio.o(.text)
    GPIO_StructInit                          0x08003d59   Thumb Code    18  stm32f4xx_gpio.o(.text)
    GPIO_PinLockConfig                       0x08003d6b   Thumb Code    34  stm32f4xx_gpio.o(.text)
    GPIO_ReadInputDataBit                    0x08003d8d   Thumb Code    18  stm32f4xx_gpio.o(.text)
    GPIO_ReadInputData                       0x08003d9f   Thumb Code     8  stm32f4xx_gpio.o(.text)
    GPIO_ReadOutputDataBit                   0x08003da7   Thumb Code    18  stm32f4xx_gpio.o(.text)
    GPIO_ReadOutputData                      0x08003db9   Thumb Code     8  stm32f4xx_gpio.o(.text)
    GPIO_SetBits                             0x08003dc1   Thumb Code     4  stm32f4xx_gpio.o(.text)
    GPIO_ResetBits                           0x08003dc5   Thumb Code     4  stm32f4xx_gpio.o(.text)
    GPIO_WriteBit                            0x08003dc9   Thumb Code    10  stm32f4xx_gpio.o(.text)
    GPIO_Write                               0x08003dd3   Thumb Code     4  stm32f4xx_gpio.o(.text)
    GPIO_ToggleBits                          0x08003dd7   Thumb Code     8  stm32f4xx_gpio.o(.text)
    GPIO_PinAFConfig                         0x08003ddf   Thumb Code    70  stm32f4xx_gpio.o(.text)
    USART_DeInit                             0x08003e51   Thumb Code   206  stm32f4xx_usart.o(.text)
    USART_Init                               0x08003f1f   Thumb Code   204  stm32f4xx_usart.o(.text)
    USART_StructInit                         0x08003feb   Thumb Code    24  stm32f4xx_usart.o(.text)
    USART_ClockInit                          0x08004003   Thumb Code    32  stm32f4xx_usart.o(.text)
    USART_ClockStructInit                    0x08004023   Thumb Code    12  stm32f4xx_usart.o(.text)
    USART_Cmd                                0x0800402f   Thumb Code    24  stm32f4xx_usart.o(.text)
    USART_SetPrescaler                       0x08004047   Thumb Code    16  stm32f4xx_usart.o(.text)
    USART_OverSampling8Cmd                   0x08004057   Thumb Code    22  stm32f4xx_usart.o(.text)
    USART_OneBitMethodCmd                    0x0800406d   Thumb Code    24  stm32f4xx_usart.o(.text)
    USART_SendData                           0x08004085   Thumb Code     8  stm32f4xx_usart.o(.text)
    USART_ReceiveData                        0x0800408d   Thumb Code    10  stm32f4xx_usart.o(.text)
    USART_SetAddress                         0x08004097   Thumb Code    18  stm32f4xx_usart.o(.text)
    USART_ReceiverWakeUpCmd                  0x080040a9   Thumb Code    24  stm32f4xx_usart.o(.text)
    USART_WakeUpConfig                       0x080040c1   Thumb Code    18  stm32f4xx_usart.o(.text)
    USART_LINBreakDetectLengthConfig         0x080040d3   Thumb Code    18  stm32f4xx_usart.o(.text)
    USART_LINCmd                             0x080040e5   Thumb Code    24  stm32f4xx_usart.o(.text)
    USART_SendBreak                          0x080040fd   Thumb Code    10  stm32f4xx_usart.o(.text)
    USART_HalfDuplexCmd                      0x08004107   Thumb Code    24  stm32f4xx_usart.o(.text)
    USART_SetGuardTime                       0x0800411f   Thumb Code    16  stm32f4xx_usart.o(.text)
    USART_SmartCardCmd                       0x0800412f   Thumb Code    24  stm32f4xx_usart.o(.text)
    USART_SmartCardNACKCmd                   0x08004147   Thumb Code    24  stm32f4xx_usart.o(.text)
    USART_IrDAConfig                         0x0800415f   Thumb Code    18  stm32f4xx_usart.o(.text)
    USART_IrDACmd                            0x08004171   Thumb Code    24  stm32f4xx_usart.o(.text)
    USART_DMACmd                             0x08004189   Thumb Code    18  stm32f4xx_usart.o(.text)
    USART_ITConfig                           0x0800419b   Thumb Code    74  stm32f4xx_usart.o(.text)
    USART_GetFlagStatus                      0x080041e5   Thumb Code    26  stm32f4xx_usart.o(.text)
    USART_ClearFlag                          0x080041ff   Thumb Code    18  stm32f4xx_usart.o(.text)
    USART_GetITStatus                        0x08004211   Thumb Code   118  stm32f4xx_usart.o(.text)
    USART_ClearITPendingBit                  0x08004287   Thumb Code    30  stm32f4xx_usart.o(.text)
    TIM_DeInit                               0x080042a5   Thumb Code   346  stm32f4xx_tim.o(.text)
    TIM_TimeBaseInit                         0x080043ff   Thumb Code   104  stm32f4xx_tim.o(.text)
    TIM_TimeBaseStructInit                   0x08004467   Thumb Code    18  stm32f4xx_tim.o(.text)
    TIM_PrescalerConfig                      0x08004479   Thumb Code     6  stm32f4xx_tim.o(.text)
    TIM_CounterModeConfig                    0x0800447f   Thumb Code    18  stm32f4xx_tim.o(.text)
    TIM_SetCounter                           0x08004491   Thumb Code     4  stm32f4xx_tim.o(.text)
    TIM_SetAutoreload                        0x08004495   Thumb Code     4  stm32f4xx_tim.o(.text)
    TIM_GetCounter                           0x08004499   Thumb Code     6  stm32f4xx_tim.o(.text)
    TIM_GetPrescaler                         0x0800449f   Thumb Code     6  stm32f4xx_tim.o(.text)
    TIM_UpdateDisableConfig                  0x080044a5   Thumb Code    24  stm32f4xx_tim.o(.text)
    TIM_UpdateRequestConfig                  0x080044bd   Thumb Code    24  stm32f4xx_tim.o(.text)
    TIM_ARRPreloadConfig                     0x080044d5   Thumb Code    24  stm32f4xx_tim.o(.text)
    TIM_SelectOnePulseMode                   0x080044ed   Thumb Code    18  stm32f4xx_tim.o(.text)
    TIM_SetClockDivision                     0x080044ff   Thumb Code    18  stm32f4xx_tim.o(.text)
    TIM_Cmd                                  0x08004511   Thumb Code    24  stm32f4xx_tim.o(.text)
    TIM_OC1Init                              0x08004529   Thumb Code   114  stm32f4xx_tim.o(.text)
    TIM_OC2Init                              0x0800459b   Thumb Code   154  stm32f4xx_tim.o(.text)
    TIM_OC3Init                              0x08004635   Thumb Code   204  stm32f4xx_tim.o(.text)
    TIM_OC4Init                              0x08004701   Thumb Code   112  stm32f4xx_tim.o(.text)
    TIM_OCStructInit                         0x08004771   Thumb Code    20  stm32f4xx_tim.o(.text)
    TIM_SelectOCxM                           0x08004785   Thumb Code    86  stm32f4xx_tim.o(.text)
    TIM_SetCompare1                          0x080047db   Thumb Code     4  stm32f4xx_tim.o(.text)
    TIM_SetCompare2                          0x080047df   Thumb Code     4  stm32f4xx_tim.o(.text)
    TIM_SetCompare3                          0x080047e3   Thumb Code     4  stm32f4xx_tim.o(.text)
    TIM_SetCompare4                          0x080047e7   Thumb Code     4  stm32f4xx_tim.o(.text)
    TIM_ForcedOC1Config                      0x080047eb   Thumb Code    18  stm32f4xx_tim.o(.text)
    TIM_ForcedOC2Config                      0x080047fd   Thumb Code    26  stm32f4xx_tim.o(.text)
    TIM_ForcedOC3Config                      0x08004817   Thumb Code    18  stm32f4xx_tim.o(.text)
    TIM_ForcedOC4Config                      0x08004829   Thumb Code    26  stm32f4xx_tim.o(.text)
    TIM_OC1PreloadConfig                     0x08004843   Thumb Code    18  stm32f4xx_tim.o(.text)
    TIM_OC2PreloadConfig                     0x08004855   Thumb Code    26  stm32f4xx_tim.o(.text)
    TIM_OC3PreloadConfig                     0x0800486f   Thumb Code    18  stm32f4xx_tim.o(.text)
    TIM_OC4PreloadConfig                     0x08004881   Thumb Code    26  stm32f4xx_tim.o(.text)
    TIM_OC1FastConfig                        0x0800489b   Thumb Code    18  stm32f4xx_tim.o(.text)
    TIM_OC2FastConfig                        0x080048ad   Thumb Code    26  stm32f4xx_tim.o(.text)
    TIM_OC3FastConfig                        0x080048c7   Thumb Code    18  stm32f4xx_tim.o(.text)
    TIM_OC4FastConfig                        0x080048d9   Thumb Code    26  stm32f4xx_tim.o(.text)
    TIM_ClearOC1Ref                          0x080048f3   Thumb Code    18  stm32f4xx_tim.o(.text)
    TIM_ClearOC2Ref                          0x08004905   Thumb Code    24  stm32f4xx_tim.o(.text)
    TIM_ClearOC3Ref                          0x0800491d   Thumb Code    18  stm32f4xx_tim.o(.text)
    TIM_ClearOC4Ref                          0x0800492f   Thumb Code    24  stm32f4xx_tim.o(.text)
    TIM_OC1PolarityConfig                    0x08004947   Thumb Code    18  stm32f4xx_tim.o(.text)
    TIM_OC1NPolarityConfig                   0x08004959   Thumb Code    18  stm32f4xx_tim.o(.text)
    TIM_OC2PolarityConfig                    0x0800496b   Thumb Code    26  stm32f4xx_tim.o(.text)
    TIM_OC2NPolarityConfig                   0x08004985   Thumb Code    26  stm32f4xx_tim.o(.text)
    TIM_OC3PolarityConfig                    0x0800499f   Thumb Code    26  stm32f4xx_tim.o(.text)
    TIM_OC3NPolarityConfig                   0x080049b9   Thumb Code    26  stm32f4xx_tim.o(.text)
    TIM_OC4PolarityConfig                    0x080049d3   Thumb Code    26  stm32f4xx_tim.o(.text)
    TIM_CCxCmd                               0x080049ed   Thumb Code    30  stm32f4xx_tim.o(.text)
    TIM_CCxNCmd                              0x08004a0b   Thumb Code    30  stm32f4xx_tim.o(.text)
    TIM_SetIC4Prescaler                      0x08004a29   Thumb Code    26  stm32f4xx_tim.o(.text)
    TIM_SetIC3Prescaler                      0x08004a93   Thumb Code    18  stm32f4xx_tim.o(.text)
    TIM_SetIC2Prescaler                      0x08004aed   Thumb Code    26  stm32f4xx_tim.o(.text)
    TIM_SetIC1Prescaler                      0x08004b61   Thumb Code    18  stm32f4xx_tim.o(.text)
    TIM_ICInit                               0x08004bad   Thumb Code   110  stm32f4xx_tim.o(.text)
    TIM_ICStructInit                         0x08004c1b   Thumb Code    18  stm32f4xx_tim.o(.text)
    TIM_PWMIConfig                           0x08004c2d   Thumb Code   124  stm32f4xx_tim.o(.text)
    TIM_GetCapture1                          0x08004ca9   Thumb Code     6  stm32f4xx_tim.o(.text)
    TIM_GetCapture2                          0x08004caf   Thumb Code     6  stm32f4xx_tim.o(.text)
    TIM_GetCapture3                          0x08004cb5   Thumb Code     6  stm32f4xx_tim.o(.text)
    TIM_GetCapture4                          0x08004cbb   Thumb Code     6  stm32f4xx_tim.o(.text)
    TIM_BDTRConfig                           0x08004cc1   Thumb Code    32  stm32f4xx_tim.o(.text)
    TIM_BDTRStructInit                       0x08004ce1   Thumb Code    18  stm32f4xx_tim.o(.text)
    TIM_CtrlPWMOutputs                       0x08004cf3   Thumb Code    30  stm32f4xx_tim.o(.text)
    TIM_SelectCOM                            0x08004d11   Thumb Code    24  stm32f4xx_tim.o(.text)
    TIM_CCPreloadControl                     0x08004d29   Thumb Code    24  stm32f4xx_tim.o(.text)
    TIM_ITConfig                             0x08004d41   Thumb Code    18  stm32f4xx_tim.o(.text)
    TIM_GenerateEvent                        0x08004d53   Thumb Code     4  stm32f4xx_tim.o(.text)
    TIM_GetFlagStatus                        0x08004d57   Thumb Code    18  stm32f4xx_tim.o(.text)
    TIM_ClearFlag                            0x08004d69   Thumb Code     6  stm32f4xx_tim.o(.text)
    TIM_GetITStatus                          0x08004d6f   Thumb Code    34  stm32f4xx_tim.o(.text)
    TIM_ClearITPendingBit                    0x08004d91   Thumb Code     6  stm32f4xx_tim.o(.text)
    TIM_DMAConfig                            0x08004d97   Thumb Code    10  stm32f4xx_tim.o(.text)
    TIM_DMACmd                               0x08004da1   Thumb Code    18  stm32f4xx_tim.o(.text)
    TIM_SelectCCDMA                          0x08004db3   Thumb Code    24  stm32f4xx_tim.o(.text)
    TIM_InternalClockConfig                  0x08004dcb   Thumb Code    12  stm32f4xx_tim.o(.text)
    TIM_SelectInputTrigger                   0x08004dd7   Thumb Code    18  stm32f4xx_tim.o(.text)
    TIM_ITRxExternalClockConfig              0x08004de9   Thumb Code    24  stm32f4xx_tim.o(.text)
    TIM_TIxExternalClockConfig               0x08004e01   Thumb Code    62  stm32f4xx_tim.o(.text)
    TIM_ETRConfig                            0x08004e3f   Thumb Code    28  stm32f4xx_tim.o(.text)
    TIM_ETRClockMode1Config                  0x08004e5b   Thumb Code    54  stm32f4xx_tim.o(.text)
    TIM_ETRClockMode2Config                  0x08004e91   Thumb Code    32  stm32f4xx_tim.o(.text)
    TIM_SelectOutputTrigger                  0x08004eb1   Thumb Code    18  stm32f4xx_tim.o(.text)
    TIM_SelectSlaveMode                      0x08004ec3   Thumb Code    18  stm32f4xx_tim.o(.text)
    TIM_SelectMasterSlaveMode                0x08004ed5   Thumb Code    18  stm32f4xx_tim.o(.text)
    TIM_EncoderInterfaceConfig               0x08004ee7   Thumb Code    66  stm32f4xx_tim.o(.text)
    TIM_SelectHallSensor                     0x08004f29   Thumb Code    24  stm32f4xx_tim.o(.text)
    TIM_RemapConfig                          0x08004f41   Thumb Code     6  stm32f4xx_tim.o(.text)
    SYSCFG_DeInit                            0x08004f49   Thumb Code    22  stm32f4xx_syscfg.o(.text)
    SYSCFG_MemoryRemapConfig                 0x08004f5f   Thumb Code     6  stm32f4xx_syscfg.o(.text)
    SYSCFG_MemorySwappingBank                0x08004f65   Thumb Code     6  stm32f4xx_syscfg.o(.text)
    SYSCFG_EXTILineConfig                    0x08004f6b   Thumb Code    66  stm32f4xx_syscfg.o(.text)
    SYSCFG_ETH_MediaInterfaceConfig          0x08004fad   Thumb Code     8  stm32f4xx_syscfg.o(.text)
    SYSCFG_CompensationCellCmd               0x08004fb5   Thumb Code     6  stm32f4xx_syscfg.o(.text)
    SYSCFG_GetCompensationCellStatus         0x08004fbb   Thumb Code    22  stm32f4xx_syscfg.o(.text)
    RCC_DeInit                               0x08004fdd   Thumb Code    82  stm32f4xx_rcc.o(.text)
    RCC_HSEConfig                            0x0800502f   Thumb Code    14  stm32f4xx_rcc.o(.text)
    RCC_GetFlagStatus                        0x0800503d   Thumb Code    60  stm32f4xx_rcc.o(.text)
    RCC_WaitForHSEStartUp                    0x08005079   Thumb Code    56  stm32f4xx_rcc.o(.text)
    RCC_AdjustHSICalibrationValue            0x080050b1   Thumb Code    20  stm32f4xx_rcc.o(.text)
    RCC_HSICmd                               0x080050c5   Thumb Code     6  stm32f4xx_rcc.o(.text)
    RCC_LSEConfig                            0x080050cb   Thumb Code    46  stm32f4xx_rcc.o(.text)
    RCC_LSICmd                               0x080050f9   Thumb Code     6  stm32f4xx_rcc.o(.text)
    RCC_PLLConfig                            0x080050ff   Thumb Code    32  stm32f4xx_rcc.o(.text)
    RCC_PLLCmd                               0x0800511f   Thumb Code     6  stm32f4xx_rcc.o(.text)
    RCC_PLLI2SConfig                         0x08005125   Thumb Code    14  stm32f4xx_rcc.o(.text)
    RCC_PLLI2SCmd                            0x08005133   Thumb Code     6  stm32f4xx_rcc.o(.text)
    RCC_PLLSAIConfig                         0x08005139   Thumb Code    20  stm32f4xx_rcc.o(.text)
    RCC_PLLSAICmd                            0x0800514d   Thumb Code     6  stm32f4xx_rcc.o(.text)
    RCC_ClockSecuritySystemCmd               0x08005153   Thumb Code     6  stm32f4xx_rcc.o(.text)
    RCC_MCO1Config                           0x08005159   Thumb Code    28  stm32f4xx_rcc.o(.text)
    RCC_MCO2Config                           0x08005175   Thumb Code    28  stm32f4xx_rcc.o(.text)
    RCC_SYSCLKConfig                         0x08005191   Thumb Code    20  stm32f4xx_rcc.o(.text)
    RCC_GetSYSCLKSource                      0x080051a5   Thumb Code    12  stm32f4xx_rcc.o(.text)
    RCC_HCLKConfig                           0x080051b1   Thumb Code    20  stm32f4xx_rcc.o(.text)
    RCC_PCLK1Config                          0x080051c5   Thumb Code    20  stm32f4xx_rcc.o(.text)
    RCC_PCLK2Config                          0x080051d9   Thumb Code    22  stm32f4xx_rcc.o(.text)
    RCC_GetClocksFreq                        0x080051ef   Thumb Code   222  stm32f4xx_rcc.o(.text)
    RCC_RTCCLKConfig                         0x080052cd   Thumb Code    54  stm32f4xx_rcc.o(.text)
    RCC_RTCCLKCmd                            0x08005303   Thumb Code     8  stm32f4xx_rcc.o(.text)
    RCC_BackupResetCmd                       0x0800530b   Thumb Code     8  stm32f4xx_rcc.o(.text)
    RCC_I2SCLKConfig                         0x08005313   Thumb Code     6  stm32f4xx_rcc.o(.text)
    RCC_SAIPLLI2SClkDivConfig                0x08005319   Thumb Code    26  stm32f4xx_rcc.o(.text)
    RCC_SAIPLLSAIClkDivConfig                0x08005333   Thumb Code    28  stm32f4xx_rcc.o(.text)
    RCC_SAIBlockACLKConfig                   0x0800534f   Thumb Code    20  stm32f4xx_rcc.o(.text)
    RCC_SAIBlockBCLKConfig                   0x08005363   Thumb Code    20  stm32f4xx_rcc.o(.text)
    RCC_LTDCCLKDivConfig                     0x08005377   Thumb Code    20  stm32f4xx_rcc.o(.text)
    RCC_TIMCLKPresConfig                     0x0800538b   Thumb Code     6  stm32f4xx_rcc.o(.text)
    RCC_AHB1PeriphClockCmd                   0x08005391   Thumb Code    34  stm32f4xx_rcc.o(.text)
    RCC_AHB2PeriphClockCmd                   0x080053b3   Thumb Code    78  stm32f4xx_rcc.o(.text)
    RCC_AHB3PeriphClockCmd                   0x08005401   Thumb Code    34  stm32f4xx_rcc.o(.text)
    RCC_APB1PeriphClockCmd                   0x08005423   Thumb Code    34  stm32f4xx_rcc.o(.text)
    RCC_APB2PeriphClockCmd                   0x08005445   Thumb Code    34  stm32f4xx_rcc.o(.text)
    RCC_AHB1PeriphResetCmd                   0x08005467   Thumb Code    34  stm32f4xx_rcc.o(.text)
    RCC_AHB2PeriphResetCmd                   0x08005489   Thumb Code    34  stm32f4xx_rcc.o(.text)
    RCC_AHB3PeriphResetCmd                   0x080054ab   Thumb Code    34  stm32f4xx_rcc.o(.text)
    RCC_APB1PeriphResetCmd                   0x080054cd   Thumb Code    34  stm32f4xx_rcc.o(.text)
    RCC_APB2PeriphResetCmd                   0x080054ef   Thumb Code    34  stm32f4xx_rcc.o(.text)
    RCC_AHB1PeriphClockLPModeCmd             0x08005511   Thumb Code    34  stm32f4xx_rcc.o(.text)
    RCC_AHB2PeriphClockLPModeCmd             0x08005533   Thumb Code    34  stm32f4xx_rcc.o(.text)
    RCC_AHB3PeriphClockLPModeCmd             0x08005555   Thumb Code    34  stm32f4xx_rcc.o(.text)
    RCC_APB1PeriphClockLPModeCmd             0x08005577   Thumb Code    34  stm32f4xx_rcc.o(.text)
    RCC_APB2PeriphClockLPModeCmd             0x08005599   Thumb Code    34  stm32f4xx_rcc.o(.text)
    RCC_LSEModeConfig                        0x080055bb   Thumb Code    40  stm32f4xx_rcc.o(.text)
    RCC_ITConfig                             0x080055e3   Thumb Code    34  stm32f4xx_rcc.o(.text)
    RCC_ClearFlag                            0x08005605   Thumb Code    18  stm32f4xx_rcc.o(.text)
    RCC_GetITStatus                          0x08005617   Thumb Code    22  stm32f4xx_rcc.o(.text)
    RCC_ClearITPendingBit                    0x0800562d   Thumb Code     8  stm32f4xx_rcc.o(.text)
    ADC_DeInit                               0x08005639   Thumb Code    22  stm32f4xx_adc.o(.text)
    ADC_Init                                 0x0800564f   Thumb Code    74  stm32f4xx_adc.o(.text)
    ADC_StructInit                           0x08005699   Thumb Code    20  stm32f4xx_adc.o(.text)
    ADC_CommonInit                           0x080056ad   Thumb Code    34  stm32f4xx_adc.o(.text)
    ADC_CommonStructInit                     0x080056cf   Thumb Code    12  stm32f4xx_adc.o(.text)
    ADC_Cmd                                  0x080056db   Thumb Code    22  stm32f4xx_adc.o(.text)
    ADC_AnalogWatchdogCmd                    0x080056f1   Thumb Code    16  stm32f4xx_adc.o(.text)
    ADC_AnalogWatchdogThresholdsConfig       0x08005701   Thumb Code     6  stm32f4xx_adc.o(.text)
    ADC_AnalogWatchdogSingleChannelConfig    0x08005707   Thumb Code    16  stm32f4xx_adc.o(.text)
    ADC_TempSensorVrefintCmd                 0x08005717   Thumb Code    34  stm32f4xx_adc.o(.text)
    ADC_VBATCmd                              0x08005739   Thumb Code    34  stm32f4xx_adc.o(.text)
    ADC_RegularChannelConfig                 0x0800575b   Thumb Code   184  stm32f4xx_adc.o(.text)
    ADC_SoftwareStartConv                    0x08005813   Thumb Code    10  stm32f4xx_adc.o(.text)
    ADC_GetSoftwareStartConvStatus           0x0800581d   Thumb Code    20  stm32f4xx_adc.o(.text)
    ADC_EOCOnEachRegularChannelCmd           0x08005831   Thumb Code    22  stm32f4xx_adc.o(.text)
    ADC_ContinuousModeCmd                    0x08005847   Thumb Code    22  stm32f4xx_adc.o(.text)
    ADC_DiscModeChannelCountConfig           0x0800585d   Thumb Code    24  stm32f4xx_adc.o(.text)
    ADC_DiscModeCmd                          0x08005875   Thumb Code    22  stm32f4xx_adc.o(.text)
    ADC_GetConversionValue                   0x0800588b   Thumb Code     8  stm32f4xx_adc.o(.text)
    ADC_GetMultiModeConversionValue          0x08005893   Thumb Code     8  stm32f4xx_adc.o(.text)
    ADC_DMACmd                               0x0800589b   Thumb Code    22  stm32f4xx_adc.o(.text)
    ADC_DMARequestAfterLastTransferCmd       0x080058b1   Thumb Code    22  stm32f4xx_adc.o(.text)
    ADC_MultiModeDMARequestAfterLastTransferCmd 0x080058c7   Thumb Code    34  stm32f4xx_adc.o(.text)
    ADC_InjectedChannelConfig                0x080058e9   Thumb Code   130  stm32f4xx_adc.o(.text)
    ADC_InjectedSequencerLengthConfig        0x0800596b   Thumb Code    24  stm32f4xx_adc.o(.text)
    ADC_SetInjectedOffset                    0x08005983   Thumb Code    20  stm32f4xx_adc.o(.text)
    ADC_ExternalTrigInjectedConvConfig       0x08005997   Thumb Code    16  stm32f4xx_adc.o(.text)
    ADC_ExternalTrigInjectedConvEdgeConfig   0x080059a7   Thumb Code    16  stm32f4xx_adc.o(.text)
    ADC_SoftwareStartInjectedConv            0x080059b7   Thumb Code    10  stm32f4xx_adc.o(.text)
    ADC_GetSoftwareStartInjectedConvCmdStatus 0x080059c1   Thumb Code    20  stm32f4xx_adc.o(.text)
    ADC_AutoInjectedConvCmd                  0x080059d5   Thumb Code    22  stm32f4xx_adc.o(.text)
    ADC_InjectedDiscModeCmd                  0x080059eb   Thumb Code    22  stm32f4xx_adc.o(.text)
    ADC_GetInjectedConversionValue           0x08005a01   Thumb Code    28  stm32f4xx_adc.o(.text)
    ADC_ITConfig                             0x08005a1d   Thumb Code    56  stm32f4xx_adc.o(.text)
    ADC_GetFlagStatus                        0x08005a55   Thumb Code    18  stm32f4xx_adc.o(.text)
    ADC_ClearFlag                            0x08005a67   Thumb Code     6  stm32f4xx_adc.o(.text)
    ADC_GetITStatus                          0x08005a6d   Thumb Code    38  stm32f4xx_adc.o(.text)
    ADC_ClearITPendingBit                    0x08005a93   Thumb Code    10  stm32f4xx_adc.o(.text)
    CAN_DeInit                               0x08005a9d   Thumb Code    50  stm32f4xx_can.o(.text)
    CAN_Init                                 0x08005acf   Thumb Code   276  stm32f4xx_can.o(.text)
    CAN_FilterInit                           0x08005be3   Thumb Code   258  stm32f4xx_can.o(.text)
    CAN_StructInit                           0x08005ce5   Thumb Code    32  stm32f4xx_can.o(.text)
    CAN_SlaveStartBank                       0x08005d05   Thumb Code    48  stm32f4xx_can.o(.text)
    CAN_DBGFreeze                            0x08005d35   Thumb Code    22  stm32f4xx_can.o(.text)
    CAN_TTComModeCmd                         0x08005d4b   Thumb Code   118  stm32f4xx_can.o(.text)
    CAN_Transmit                             0x08005dc1   Thumb Code   304  stm32f4xx_can.o(.text)
    CAN_TransmitStatus                       0x08005ef1   Thumb Code   138  stm32f4xx_can.o(.text)
    CAN_CancelTransmit                       0x08005f7b   Thumb Code    48  stm32f4xx_can.o(.text)
    CAN_Receive                              0x08005fab   Thumb Code   240  stm32f4xx_can.o(.text)
    CAN_FIFORelease                          0x0800609b   Thumb Code    22  stm32f4xx_can.o(.text)
    CAN_MessagePending                       0x080060b1   Thumb Code    30  stm32f4xx_can.o(.text)
    CAN_OperatingModeRequest                 0x080060cf   Thumb Code   162  stm32f4xx_can.o(.text)
    CAN_Sleep                                0x08006171   Thumb Code    30  stm32f4xx_can.o(.text)
    CAN_WakeUp                               0x0800618f   Thumb Code    48  stm32f4xx_can.o(.text)
    CAN_GetLastErrorCode                     0x080061bf   Thumb Code    12  stm32f4xx_can.o(.text)
    CAN_GetReceiveErrorCounter               0x080061cb   Thumb Code    10  stm32f4xx_can.o(.text)
    CAN_GetLSBTransmitErrorCounter           0x080061d5   Thumb Code    12  stm32f4xx_can.o(.text)
    CAN_ITConfig                             0x080061e1   Thumb Code    18  stm32f4xx_can.o(.text)
    CAN_GetFlagStatus                        0x080061f3   Thumb Code   120  stm32f4xx_can.o(.text)
    CAN_ClearFlag                            0x0800626b   Thumb Code    52  stm32f4xx_can.o(.text)
    CAN_GetITStatus                          0x080062b1   Thumb Code   310  stm32f4xx_can.o(.text)
    CAN_ClearITPendingBit                    0x080063e7   Thumb Code   162  stm32f4xx_can.o(.text)
    IWDG_WriteAccessCmd                      0x0800648d   Thumb Code     6  stm32f4xx_iwdg.o(.text)
    IWDG_SetPrescaler                        0x08006493   Thumb Code     6  stm32f4xx_iwdg.o(.text)
    IWDG_SetReload                           0x08006499   Thumb Code     6  stm32f4xx_iwdg.o(.text)
    IWDG_ReloadCounter                       0x0800649f   Thumb Code    10  stm32f4xx_iwdg.o(.text)
    IWDG_Enable                              0x080064a9   Thumb Code    10  stm32f4xx_iwdg.o(.text)
    IWDG_GetFlagStatus                       0x080064b3   Thumb Code    20  stm32f4xx_iwdg.o(.text)
    SPI_I2S_DeInit                           0x080064cd   Thumb Code   152  stm32f4xx_spi.o(.text)
    SPI_Init                                 0x08006565   Thumb Code    60  stm32f4xx_spi.o(.text)
    I2S_Init                                 0x080065a1   Thumb Code   396  stm32f4xx_spi.o(.text)
    SPI_StructInit                           0x0800672d   Thumb Code    24  stm32f4xx_spi.o(.text)
    I2S_StructInit                           0x08006745   Thumb Code    20  stm32f4xx_spi.o(.text)
    SPI_Cmd                                  0x08006759   Thumb Code    24  stm32f4xx_spi.o(.text)
    I2S_Cmd                                  0x08006771   Thumb Code    24  stm32f4xx_spi.o(.text)
    SPI_DataSizeConfig                       0x08006789   Thumb Code    18  stm32f4xx_spi.o(.text)
    SPI_BiDirectionalLineConfig              0x0800679b   Thumb Code    28  stm32f4xx_spi.o(.text)
    SPI_NSSInternalSoftwareConfig            0x080067b7   Thumb Code    30  stm32f4xx_spi.o(.text)
    SPI_SSOutputCmd                          0x080067d5   Thumb Code    24  stm32f4xx_spi.o(.text)
    SPI_TIModeCmd                            0x080067ed   Thumb Code    24  stm32f4xx_spi.o(.text)
    I2S_FullDuplexConfig                     0x08006805   Thumb Code    80  stm32f4xx_spi.o(.text)
    SPI_I2S_ReceiveData                      0x08006855   Thumb Code     6  stm32f4xx_spi.o(.text)
    SPI_I2S_SendData                         0x0800685b   Thumb Code     4  stm32f4xx_spi.o(.text)
    SPI_CalculateCRC                         0x0800685f   Thumb Code    24  stm32f4xx_spi.o(.text)
    SPI_TransmitCRC                          0x08006877   Thumb Code    10  stm32f4xx_spi.o(.text)
    SPI_GetCRC                               0x08006881   Thumb Code    16  stm32f4xx_spi.o(.text)
    SPI_GetCRCPolynomial                     0x08006891   Thumb Code     6  stm32f4xx_spi.o(.text)
    SPI_I2S_DMACmd                           0x08006897   Thumb Code    18  stm32f4xx_spi.o(.text)
    SPI_I2S_ITConfig                         0x080068a9   Thumb Code    68  stm32f4xx_spi.o(.text)
    SPI_I2S_GetFlagStatus                    0x080068ed   Thumb Code    18  stm32f4xx_spi.o(.text)
    SPI_I2S_ClearFlag                        0x080068ff   Thumb Code     6  stm32f4xx_spi.o(.text)
    SPI_I2S_GetITStatus                      0x08006905   Thumb Code    52  stm32f4xx_spi.o(.text)
    SPI_I2S_ClearITPendingBit                0x08006939   Thumb Code    20  stm32f4xx_spi.o(.text)
    EXTI_DeInit                              0x0800694d   Thumb Code    28  stm32f4xx_exti.o(.text)
    EXTI_Init                                0x08006969   Thumb Code   142  stm32f4xx_exti.o(.text)
    EXTI_StructInit                          0x080069f7   Thumb Code    16  stm32f4xx_exti.o(.text)
    EXTI_GenerateSWInterrupt                 0x08006a07   Thumb Code    16  stm32f4xx_exti.o(.text)
    EXTI_GetFlagStatus                       0x08006a17   Thumb Code    22  stm32f4xx_exti.o(.text)
    EXTI_ClearFlag                           0x08006a2d   Thumb Code     8  stm32f4xx_exti.o(.text)
    EXTI_GetITStatus                         0x08006a35   Thumb Code    22  stm32f4xx_exti.o(.text)
    EXTI_ClearITPendingBit                   0x08006a4b   Thumb Code     8  stm32f4xx_exti.o(.text)
    Reset_Handler                            0x08006a5d   Thumb Code     8  startup_stm32f40_41xxx.o(.text)
    ADC_IRQHandler                           0x08006a77   Thumb Code     0  startup_stm32f40_41xxx.o(.text)
    CAN1_RX1_IRQHandler                      0x08006a77   Thumb Code     0  startup_stm32f40_41xxx.o(.text)
    CAN1_SCE_IRQHandler                      0x08006a77   Thumb Code     0  startup_stm32f40_41xxx.o(.text)
    CAN1_TX_IRQHandler                       0x08006a77   Thumb Code     0  startup_stm32f40_41xxx.o(.text)
    CAN2_RX0_IRQHandler                      0x08006a77   Thumb Code     0  startup_stm32f40_41xxx.o(.text)
    CAN2_RX1_IRQHandler                      0x08006a77   Thumb Code     0  startup_stm32f40_41xxx.o(.text)
    CAN2_SCE_IRQHandler                      0x08006a77   Thumb Code     0  startup_stm32f40_41xxx.o(.text)
    CAN2_TX_IRQHandler                       0x08006a77   Thumb Code     0  startup_stm32f40_41xxx.o(.text)
    CRYP_IRQHandler                          0x08006a77   Thumb Code     0  startup_stm32f40_41xxx.o(.text)
    DCMI_IRQHandler                          0x08006a77   Thumb Code     0  startup_stm32f40_41xxx.o(.text)
    DMA1_Stream0_IRQHandler                  0x08006a77   Thumb Code     0  startup_stm32f40_41xxx.o(.text)
    DMA1_Stream1_IRQHandler                  0x08006a77   Thumb Code     0  startup_stm32f40_41xxx.o(.text)
    DMA1_Stream2_IRQHandler                  0x08006a77   Thumb Code     0  startup_stm32f40_41xxx.o(.text)
    DMA1_Stream3_IRQHandler                  0x08006a77   Thumb Code     0  startup_stm32f40_41xxx.o(.text)
    DMA1_Stream4_IRQHandler                  0x08006a77   Thumb Code     0  startup_stm32f40_41xxx.o(.text)
    DMA1_Stream5_IRQHandler                  0x08006a77   Thumb Code     0  startup_stm32f40_41xxx.o(.text)
    DMA1_Stream6_IRQHandler                  0x08006a77   Thumb Code     0  startup_stm32f40_41xxx.o(.text)
    DMA1_Stream7_IRQHandler                  0x08006a77   Thumb Code     0  startup_stm32f40_41xxx.o(.text)
    DMA2_Stream0_IRQHandler                  0x08006a77   Thumb Code     0  startup_stm32f40_41xxx.o(.text)
    DMA2_Stream1_IRQHandler                  0x08006a77   Thumb Code     0  startup_stm32f40_41xxx.o(.text)
    DMA2_Stream2_IRQHandler                  0x08006a77   Thumb Code     0  startup_stm32f40_41xxx.o(.text)
    DMA2_Stream3_IRQHandler                  0x08006a77   Thumb Code     0  startup_stm32f40_41xxx.o(.text)
    DMA2_Stream4_IRQHandler                  0x08006a77   Thumb Code     0  startup_stm32f40_41xxx.o(.text)
    DMA2_Stream5_IRQHandler                  0x08006a77   Thumb Code     0  startup_stm32f40_41xxx.o(.text)
    DMA2_Stream6_IRQHandler                  0x08006a77   Thumb Code     0  startup_stm32f40_41xxx.o(.text)
    DMA2_Stream7_IRQHandler                  0x08006a77   Thumb Code     0  startup_stm32f40_41xxx.o(.text)
    ETH_IRQHandler                           0x08006a77   Thumb Code     0  startup_stm32f40_41xxx.o(.text)
    ETH_WKUP_IRQHandler                      0x08006a77   Thumb Code     0  startup_stm32f40_41xxx.o(.text)
    EXTI0_IRQHandler                         0x08006a77   Thumb Code     0  startup_stm32f40_41xxx.o(.text)
    EXTI15_10_IRQHandler                     0x08006a77   Thumb Code     0  startup_stm32f40_41xxx.o(.text)
    EXTI1_IRQHandler                         0x08006a77   Thumb Code     0  startup_stm32f40_41xxx.o(.text)
    EXTI2_IRQHandler                         0x08006a77   Thumb Code     0  startup_stm32f40_41xxx.o(.text)
    EXTI3_IRQHandler                         0x08006a77   Thumb Code     0  startup_stm32f40_41xxx.o(.text)
    EXTI4_IRQHandler                         0x08006a77   Thumb Code     0  startup_stm32f40_41xxx.o(.text)
    FLASH_IRQHandler                         0x08006a77   Thumb Code     0  startup_stm32f40_41xxx.o(.text)
    FPU_IRQHandler                           0x08006a77   Thumb Code     0  startup_stm32f40_41xxx.o(.text)
    FSMC_IRQHandler                          0x08006a77   Thumb Code     0  startup_stm32f40_41xxx.o(.text)
    HASH_RNG_IRQHandler                      0x08006a77   Thumb Code     0  startup_stm32f40_41xxx.o(.text)
    I2C1_ER_IRQHandler                       0x08006a77   Thumb Code     0  startup_stm32f40_41xxx.o(.text)
    I2C1_EV_IRQHandler                       0x08006a77   Thumb Code     0  startup_stm32f40_41xxx.o(.text)
    I2C2_ER_IRQHandler                       0x08006a77   Thumb Code     0  startup_stm32f40_41xxx.o(.text)
    I2C2_EV_IRQHandler                       0x08006a77   Thumb Code     0  startup_stm32f40_41xxx.o(.text)
    I2C3_ER_IRQHandler                       0x08006a77   Thumb Code     0  startup_stm32f40_41xxx.o(.text)
    I2C3_EV_IRQHandler                       0x08006a77   Thumb Code     0  startup_stm32f40_41xxx.o(.text)
    OTG_FS_IRQHandler                        0x08006a77   Thumb Code     0  startup_stm32f40_41xxx.o(.text)
    OTG_FS_WKUP_IRQHandler                   0x08006a77   Thumb Code     0  startup_stm32f40_41xxx.o(.text)
    OTG_HS_EP1_IN_IRQHandler                 0x08006a77   Thumb Code     0  startup_stm32f40_41xxx.o(.text)
    OTG_HS_EP1_OUT_IRQHandler                0x08006a77   Thumb Code     0  startup_stm32f40_41xxx.o(.text)
    OTG_HS_IRQHandler                        0x08006a77   Thumb Code     0  startup_stm32f40_41xxx.o(.text)
    OTG_HS_WKUP_IRQHandler                   0x08006a77   Thumb Code     0  startup_stm32f40_41xxx.o(.text)
    PVD_IRQHandler                           0x08006a77   Thumb Code     0  startup_stm32f40_41xxx.o(.text)
    RCC_IRQHandler                           0x08006a77   Thumb Code     0  startup_stm32f40_41xxx.o(.text)
    RTC_Alarm_IRQHandler                     0x08006a77   Thumb Code     0  startup_stm32f40_41xxx.o(.text)
    RTC_WKUP_IRQHandler                      0x08006a77   Thumb Code     0  startup_stm32f40_41xxx.o(.text)
    SDIO_IRQHandler                          0x08006a77   Thumb Code     0  startup_stm32f40_41xxx.o(.text)
    SPI1_IRQHandler                          0x08006a77   Thumb Code     0  startup_stm32f40_41xxx.o(.text)
    SPI2_IRQHandler                          0x08006a77   Thumb Code     0  startup_stm32f40_41xxx.o(.text)
    SPI3_IRQHandler                          0x08006a77   Thumb Code     0  startup_stm32f40_41xxx.o(.text)
    TAMP_STAMP_IRQHandler                    0x08006a77   Thumb Code     0  startup_stm32f40_41xxx.o(.text)
    TIM1_BRK_TIM9_IRQHandler                 0x08006a77   Thumb Code     0  startup_stm32f40_41xxx.o(.text)
    TIM1_CC_IRQHandler                       0x08006a77   Thumb Code     0  startup_stm32f40_41xxx.o(.text)
    TIM1_TRG_COM_TIM11_IRQHandler            0x08006a77   Thumb Code     0  startup_stm32f40_41xxx.o(.text)
    TIM1_UP_TIM10_IRQHandler                 0x08006a77   Thumb Code     0  startup_stm32f40_41xxx.o(.text)
    TIM2_IRQHandler                          0x08006a77   Thumb Code     0  startup_stm32f40_41xxx.o(.text)
    TIM3_IRQHandler                          0x08006a77   Thumb Code     0  startup_stm32f40_41xxx.o(.text)
    TIM6_DAC_IRQHandler                      0x08006a77   Thumb Code     0  startup_stm32f40_41xxx.o(.text)
    TIM7_IRQHandler                          0x08006a77   Thumb Code     0  startup_stm32f40_41xxx.o(.text)
    TIM8_BRK_TIM12_IRQHandler                0x08006a77   Thumb Code     0  startup_stm32f40_41xxx.o(.text)
    TIM8_CC_IRQHandler                       0x08006a77   Thumb Code     0  startup_stm32f40_41xxx.o(.text)
    TIM8_TRG_COM_TIM14_IRQHandler            0x08006a77   Thumb Code     0  startup_stm32f40_41xxx.o(.text)
    TIM8_UP_TIM13_IRQHandler                 0x08006a77   Thumb Code     0  startup_stm32f40_41xxx.o(.text)
    UART4_IRQHandler                         0x08006a77   Thumb Code     0  startup_stm32f40_41xxx.o(.text)
    UART5_IRQHandler                         0x08006a77   Thumb Code     0  startup_stm32f40_41xxx.o(.text)
    USART2_IRQHandler                        0x08006a77   Thumb Code     0  startup_stm32f40_41xxx.o(.text)
    WWDG_IRQHandler                          0x08006a77   Thumb Code     0  startup_stm32f40_41xxx.o(.text)
    __user_initial_stackheap                 0x08006a79   Thumb Code     0  startup_stm32f40_41xxx.o(.text)
    __use_no_semihosting                     0x08006a9d   Thumb Code     2  use_no_semi_2.o(.text)
    __2printf                                0x08006aa1   Thumb Code    20  noretval__2printf.o(.text)
    _printf_pre_padding                      0x08006ab9   Thumb Code    44  _printf_pad.o(.text)
    _printf_post_padding                     0x08006ae5   Thumb Code    34  _printf_pad.o(.text)
    _printf_str                              0x08006b07   Thumb Code    82  _printf_str.o(.text)
    _printf_int_dec                          0x08006b59   Thumb Code   104  _printf_dec.o(.text)
    _printf_int_hex                          0x08006bd1   Thumb Code    84  _printf_hex_int.o(.text)
    _printf_longlong_hex                     0x08006bd1   Thumb Code     0  _printf_hex_int.o(.text)
    __printf                                 0x08006c29   Thumb Code   388  __printf_flags_ss_wp.o(.text)
    __use_two_region_memory                  0x08006db1   Thumb Code     2  heapauxi.o(.text)
    __rt_heap_escrow$2region                 0x08006db3   Thumb Code     2  heapauxi.o(.text)
    __rt_heap_expand$2region                 0x08006db5   Thumb Code     2  heapauxi.o(.text)
    __I$use$semihosting                      0x08006db7   Thumb Code     0  use_no_semi.o(.text)
    __use_no_semihosting_swi                 0x08006db7   Thumb Code     2  use_no_semi.o(.text)
    _printf_int_common                       0x08006db9   Thumb Code   178  _printf_intcommon.o(.text)
    _printf_cs_common                        0x08006e6b   Thumb Code    20  _printf_char.o(.text)
    _printf_char                             0x08006e7f   Thumb Code    16  _printf_char.o(.text)
    _printf_string                           0x08006e8f   Thumb Code     8  _printf_char.o(.text)
    _printf_char_file                        0x08006e99   Thumb Code    32  _printf_char_file.o(.text)
    _printf_char_common                      0x08006ec7   Thumb Code    32  _printf_char_common.o(.text)
    ferror                                   0x08006eed   Thumb Code     8  ferror.o(.text)
    __user_setup_stackheap                   0x08006ef5   Thumb Code    74  sys_stackheap_outer.o(.text)
    exit                                     0x08006f3f   Thumb Code    18  exit.o(.text)
    __user_libspace                          0x08006f51   Thumb Code     8  libspace.o(.text)
    __user_perproc_libspace                  0x08006f51   Thumb Code     0  libspace.o(.text)
    __user_perthread_libspace                0x08006f51   Thumb Code     0  libspace.o(.text)
    _is_digit                                0x08006f59   Thumb Code    14  __printf_wp.o(i._is_digit)
    __aeabi_dadd                             0x08006f69   Thumb Code     0  daddsub_clz.o(x$fpl$dadd)
    _dadd                                    0x08006f69   Thumb Code   332  daddsub_clz.o(x$fpl$dadd)
    __aeabi_ddiv                             0x080070b9   Thumb Code     0  ddiv.o(x$fpl$ddiv)
    _ddiv                                    0x080070b9   Thumb Code   552  ddiv.o(x$fpl$ddiv)
    __aeabi_d2iz                             0x08007369   Thumb Code     0  dfix.o(x$fpl$dfix)
    _dfix                                    0x08007369   Thumb Code    94  dfix.o(x$fpl$dfix)
    __aeabi_i2d                              0x080073c7   Thumb Code     0  dflt_clz.o(x$fpl$dflt)
    _dflt                                    0x080073c7   Thumb Code    46  dflt_clz.o(x$fpl$dflt)
    __aeabi_dmul                             0x080073f5   Thumb Code     0  dmul.o(x$fpl$dmul)
    _dmul                                    0x080073f5   Thumb Code   332  dmul.o(x$fpl$dmul)
    __fpl_dnaninf                            0x08007549   Thumb Code   156  dnaninf.o(x$fpl$dnaninf)
    __fpl_dretinf                            0x080075e5   Thumb Code    12  dretinf.o(x$fpl$dretinf)
    __aeabi_dsub                             0x080075f1   Thumb Code     0  daddsub_clz.o(x$fpl$dsub)
    _dsub                                    0x080075f1   Thumb Code   464  daddsub_clz.o(x$fpl$dsub)
    __aeabi_f2d                              0x080077c5   Thumb Code     0  f2d.o(x$fpl$f2d)
    _f2d                                     0x080077c5   Thumb Code    86  f2d.o(x$fpl$f2d)
    __fpl_fnaninf                            0x0800781b   Thumb Code   140  fnaninf.o(x$fpl$fnaninf)
    _fp_init                                 0x080078a7   Thumb Code    10  fpinit.o(x$fpl$fpinit)
    __fplib_config_fpu_vfp                   0x080078af   Thumb Code     0  fpinit.o(x$fpl$fpinit)
    __fplib_config_pureend_doubles           0x080078af   Thumb Code     0  fpinit.o(x$fpl$fpinit)
    __I$use$fp                               0x080078b0   Number         0  usenofp.o(x$fpl$usenofp)
    Region$$Table$$Base                      0x080079e4   Number         0  anon$$obj.o(Region$$Table)
    Region$$Table$$Limit                     0x08007a04   Number         0  anon$$obj.o(Region$$Table)
    SystemCoreClock                          0x20000000   Data           4  system_stm32f4xx.o(.data)
    AHBPrescTable                            0x20000004   Data          16  system_stm32f4xx.o(.data)
    received_RS485_len                       0x20000015   Data           1  rs485.o(.data)
    received_RS232_len                       0x20000016   Data           1  rs232.o(.data)
    LED_Scan                                 0x20000018   Data           1  timer.o(.data)
    IMU_Scan                                 0x20000019   Data           1  timer.o(.data)
    MOTOR_Scan                               0x2000001a   Data           1  timer.o(.data)
    MPU_Scan                                 0x2000001b   Data           1  timer.o(.data)
    IRQ_Scan                                 0x2000001c   Data           1  timer.o(.data)
    Batt_Scan                                0x2000001d   Data           1  timer.o(.data)
    ANO_Scan                                 0x2000001e   Data           1  timer.o(.data)
    MODBUS_Scan                              0x2000001f   Data           1  timer.o(.data)
    CAN_Txbuf                                0x2000002e   Data           8  can.o(.data)
    SysStatCtrl                              0x20000036   Data           4  protocol.o(.data)
    ChassisDrvCtrl                           0x2000003a   Data           8  protocol.o(.data)
    LEDCtrl                                  0x20000042   Data           8  protocol.o(.data)
    flag                                     0x2000004a   Data           7  feedback.o(.data)
    ChassisDrvFB                             0x20000054   Data           8  feedback.o(.data)
    SonarFB                                  0x2000005c   Data           8  feedback.o(.data)
    GPSFB                                    0x20000064   Data           8  feedback.o(.data)
    LEDFB                                    0x2000006c   Data           8  feedback.o(.data)
    USART_RX_STA                             0x20000080   Data           1  usart.o(.data)
    __stdout                                 0x20000084   Data           4  usart.o(.data)
    sys_cmd_tab                              0x20000088   Data          28  usmart.o(.data)
    usmart_nametab                           0x200000a4   Data          32  usmart_config.o(.data)
    usmart_dev                               0x200000c4   Data         244  usmart_config.o(.data)
    RS485_Rxbuf                              0x200001c8   Data          64  rs485.o(.bss)
    RS485_Txbuf                              0x20000208   Data          64  rs485.o(.bss)
    RS232_Rxbuf                              0x20000248   Data          64  rs232.o(.bss)
    RS232_Txbuf                              0x20000288   Data          64  rs232.o(.bss)
    BotArmCtrl                               0x200002c8   Data          10  protocol.o(.bss)
    PID_Ctrl                                 0x200002d8   Data          24  protocol.o(.bss)
    SysStatFB                                0x200002f0   Data          10  feedback.o(.bss)
    IMUFB                                    0x200002fa   Data          12  feedback.o(.bss)
    BotArmFB                                 0x20000306   Data          20  feedback.o(.bss)
    Debug_rx_buff                            0x2000031a   Data         256  usart.o(.bss)
    __libspace_start                         0x2000041c   Data          96  libspace.o(.bss)
    __temporary_stack_top$libspace           0x2000047c   Data           0  libspace.o(.bss)



==============================================================================

Memory Map of the image

  Image Entry point : 0x08000189

  Load Region LR_IROM1 (Base: 0x08000000, Size: 0x00007bcc, Max: 0x00080000, ABSOLUTE, COMPRESSED[0x00007a70])

    Execution Region ER_IROM1 (Exec base: 0x08000000, Load base: 0x08000000, Size: 0x00007a04, Max: 0x00080000, ABSOLUTE)

    Exec Addr    Load Addr    Size         Type   Attr      Idx    E Section Name        Object

    0x08000000   0x08000000   0x00000188   Data   RO         1025    RESET               startup_stm32f40_41xxx.o
    0x08000188   0x08000188   0x00000008   Code   RO         1095  * !!!main             c_w.l(__main.o)
    0x08000190   0x08000190   0x00000034   Code   RO         1298    !!!scatter          c_w.l(__scatter.o)
    0x080001c4   0x080001c4   0x0000005a   Code   RO         1296    !!dczerorl2         c_w.l(__dczerorl2.o)
    0x0800021e   0x0800021e   0x00000002   PAD
    0x08000220   0x08000220   0x0000001c   Code   RO         1300    !!handler_zi        c_w.l(__scatter_zi.o)
    0x0800023c   0x0800023c   0x00000000   Code   RO         1092    .ARM.Collect$$_printf_percent$$00000000  c_w.l(_printf_percent.o)
    0x0800023c   0x0800023c   0x00000006   Code   RO         1090    .ARM.Collect$$_printf_percent$$00000009  c_w.l(_printf_d.o)
    0x08000242   0x08000242   0x00000006   Code   RO         1091    .ARM.Collect$$_printf_percent$$0000000A  c_w.l(_printf_u.o)
    0x08000248   0x08000248   0x00000006   Code   RO         1089    .ARM.Collect$$_printf_percent$$0000000C  c_w.l(_printf_x.o)
    0x0800024e   0x0800024e   0x00000006   Code   RO         1087    .ARM.Collect$$_printf_percent$$00000013  c_w.l(_printf_c.o)
    0x08000254   0x08000254   0x00000006   Code   RO         1088    .ARM.Collect$$_printf_percent$$00000014  c_w.l(_printf_s.o)
    0x0800025a   0x0800025a   0x00000004   Code   RO         1130    .ARM.Collect$$_printf_percent$$00000017  c_w.l(_printf_percent_end.o)
    0x0800025e   0x0800025e   0x00000002   Code   RO         1170    .ARM.Collect$$libinit$$00000000  c_w.l(libinit.o)
    0x08000260   0x08000260   0x00000004   Code   RO         1176    .ARM.Collect$$libinit$$00000001  c_w.l(libinit2.o)
    0x08000264   0x08000264   0x00000000   Code   RO         1179    .ARM.Collect$$libinit$$00000004  c_w.l(libinit2.o)
    0x08000264   0x08000264   0x00000000   Code   RO         1182    .ARM.Collect$$libinit$$0000000A  c_w.l(libinit2.o)
    0x08000264   0x08000264   0x00000000   Code   RO         1184    .ARM.Collect$$libinit$$0000000C  c_w.l(libinit2.o)
    0x08000264   0x08000264   0x00000000   Code   RO         1186    .ARM.Collect$$libinit$$0000000E  c_w.l(libinit2.o)
    0x08000264   0x08000264   0x00000000   Code   RO         1189    .ARM.Collect$$libinit$$00000011  c_w.l(libinit2.o)
    0x08000264   0x08000264   0x00000000   Code   RO         1191    .ARM.Collect$$libinit$$00000013  c_w.l(libinit2.o)
    0x08000264   0x08000264   0x00000000   Code   RO         1193    .ARM.Collect$$libinit$$00000015  c_w.l(libinit2.o)
    0x08000264   0x08000264   0x00000000   Code   RO         1195    .ARM.Collect$$libinit$$00000017  c_w.l(libinit2.o)
    0x08000264   0x08000264   0x00000000   Code   RO         1197    .ARM.Collect$$libinit$$00000019  c_w.l(libinit2.o)
    0x08000264   0x08000264   0x00000000   Code   RO         1199    .ARM.Collect$$libinit$$0000001B  c_w.l(libinit2.o)
    0x08000264   0x08000264   0x00000000   Code   RO         1201    .ARM.Collect$$libinit$$0000001D  c_w.l(libinit2.o)
    0x08000264   0x08000264   0x00000000   Code   RO         1203    .ARM.Collect$$libinit$$0000001F  c_w.l(libinit2.o)
    0x08000264   0x08000264   0x00000000   Code   RO         1205    .ARM.Collect$$libinit$$00000021  c_w.l(libinit2.o)
    0x08000264   0x08000264   0x00000000   Code   RO         1207    .ARM.Collect$$libinit$$00000023  c_w.l(libinit2.o)
    0x08000264   0x08000264   0x00000000   Code   RO         1209    .ARM.Collect$$libinit$$00000025  c_w.l(libinit2.o)
    0x08000264   0x08000264   0x00000000   Code   RO         1213    .ARM.Collect$$libinit$$0000002C  c_w.l(libinit2.o)
    0x08000264   0x08000264   0x00000000   Code   RO         1215    .ARM.Collect$$libinit$$0000002E  c_w.l(libinit2.o)
    0x08000264   0x08000264   0x00000000   Code   RO         1217    .ARM.Collect$$libinit$$00000030  c_w.l(libinit2.o)
    0x08000264   0x08000264   0x00000000   Code   RO         1219    .ARM.Collect$$libinit$$00000032  c_w.l(libinit2.o)
    0x08000264   0x08000264   0x00000002   Code   RO         1220    .ARM.Collect$$libinit$$00000033  c_w.l(libinit2.o)
    0x08000266   0x08000266   0x00000002   Code   RO         1238    .ARM.Collect$$libshutdown$$00000000  c_w.l(libshutdown.o)
    0x08000268   0x08000268   0x00000000   Code   RO         1248    .ARM.Collect$$libshutdown$$00000002  c_w.l(libshutdown2.o)
    0x08000268   0x08000268   0x00000000   Code   RO         1250    .ARM.Collect$$libshutdown$$00000004  c_w.l(libshutdown2.o)
    0x08000268   0x08000268   0x00000000   Code   RO         1253    .ARM.Collect$$libshutdown$$00000007  c_w.l(libshutdown2.o)
    0x08000268   0x08000268   0x00000000   Code   RO         1256    .ARM.Collect$$libshutdown$$0000000A  c_w.l(libshutdown2.o)
    0x08000268   0x08000268   0x00000000   Code   RO         1258    .ARM.Collect$$libshutdown$$0000000C  c_w.l(libshutdown2.o)
    0x08000268   0x08000268   0x00000000   Code   RO         1261    .ARM.Collect$$libshutdown$$0000000F  c_w.l(libshutdown2.o)
    0x08000268   0x08000268   0x00000002   Code   RO         1262    .ARM.Collect$$libshutdown$$00000010  c_w.l(libshutdown2.o)
    0x0800026a   0x0800026a   0x00000000   Code   RO         1123    .ARM.Collect$$rtentry$$00000000  c_w.l(__rtentry.o)
    0x0800026a   0x0800026a   0x00000000   Code   RO         1139    .ARM.Collect$$rtentry$$00000002  c_w.l(__rtentry2.o)
    0x0800026a   0x0800026a   0x00000006   Code   RO         1151    .ARM.Collect$$rtentry$$00000004  c_w.l(__rtentry4.o)
    0x08000270   0x08000270   0x00000000   Code   RO         1141    .ARM.Collect$$rtentry$$00000009  c_w.l(__rtentry2.o)
    0x08000270   0x08000270   0x00000004   Code   RO         1142    .ARM.Collect$$rtentry$$0000000A  c_w.l(__rtentry2.o)
    0x08000274   0x08000274   0x00000000   Code   RO         1144    .ARM.Collect$$rtentry$$0000000C  c_w.l(__rtentry2.o)
    0x08000274   0x08000274   0x00000008   Code   RO         1145    .ARM.Collect$$rtentry$$0000000D  c_w.l(__rtentry2.o)
    0x0800027c   0x0800027c   0x00000002   Code   RO         1174    .ARM.Collect$$rtexit$$00000000  c_w.l(rtexit.o)
    0x0800027e   0x0800027e   0x00000000   Code   RO         1222    .ARM.Collect$$rtexit$$00000002  c_w.l(rtexit2.o)
    0x0800027e   0x0800027e   0x00000004   Code   RO         1223    .ARM.Collect$$rtexit$$00000003  c_w.l(rtexit2.o)
    0x08000282   0x08000282   0x00000006   Code   RO         1224    .ARM.Collect$$rtexit$$00000004  c_w.l(rtexit2.o)
    0x08000288   0x08000288   0x000000e4   Code   RO            3    .text               main.o
    0x0800036c   0x0800036c   0x0000001a   Code   RO          201    .text               stm32f4xx_it.o
    0x08000386   0x08000386   0x00000002   PAD
    0x08000388   0x08000388   0x00000210   Code   RO          250    .text               system_stm32f4xx.o
    0x08000598   0x08000598   0x000002a8   Code   RO          276    .text               led.o
    0x08000840   0x08000840   0x000000a0   Code   RO          298    .text               pwm.o
    0x080008e0   0x080008e0   0x0000014c   Code   RO          318    .text               rs485.o
    0x08000a2c   0x08000a2c   0x0000019c   Code   RO          345    .text               rs232.o
    0x08000bc8   0x08000bc8   0x00000174   Code   RO          369    .text               timer.o
    0x08000d3c   0x08000d3c   0x0000002c   Code   RO          395    .text               iwdg.o
    0x08000d68   0x08000d68   0x000000c8   Code   RO          415    .text               exti.o
    0x08000e30   0x08000e30   0x000001b0   Code   RO          435    .text               adc.o
    0x08000fe0   0x08000fe0   0x00000414   Code   RO          455    .text               can.o
    0x080013f4   0x080013f4   0x00000258   Code   RO          479    .text               myiic.o
    0x0800164c   0x0800164c   0x00000184   Code   RO          499    .text               spi.o
    0x080017d0   0x080017d0   0x000006ec   Code   RO          519    .text               protocol.o
    0x08001ebc   0x08001ebc   0x000004b0   Code   RO          548    .text               feedback.o
    0x0800236c   0x0800236c   0x00000128   Code   RO          572    .text               motor.o
    0x08002494   0x08002494   0x00000264   Code   RO          599    .text               botarm.o
    0x080026f8   0x080026f8   0x00000104   Code   RO          626    .text               delay.o
    0x080027fc   0x080027fc   0x00000180   Code   RO          666    .text               usart.o
    0x0800297c   0x0800297c   0x00000c38   Code   RO          694    .text               usmart.o
    0x080035b4   0x080035b4   0x00000528   Code   RO          740    .text               usmart_str.o
    0x08003adc   0x08003adc   0x000000e0   Code   RO          760    .text               misc.o
    0x08003bbc   0x08003bbc   0x00000294   Code   RO          780    .text               stm32f4xx_gpio.o
    0x08003e50   0x08003e50   0x00000454   Code   RO          800    .text               stm32f4xx_usart.o
    0x080042a4   0x080042a4   0x00000ca2   Code   RO          820    .text               stm32f4xx_tim.o
    0x08004f46   0x08004f46   0x00000002   PAD
    0x08004f48   0x08004f48   0x00000094   Code   RO          840    .text               stm32f4xx_syscfg.o
    0x08004fdc   0x08004fdc   0x0000065c   Code   RO          860    .text               stm32f4xx_rcc.o
    0x08005638   0x08005638   0x00000464   Code   RO          882    .text               stm32f4xx_adc.o
    0x08005a9c   0x08005a9c   0x000009f0   Code   RO          902    .text               stm32f4xx_can.o
    0x0800648c   0x0800648c   0x00000040   Code   RO          942    .text               stm32f4xx_iwdg.o
    0x080064cc   0x080064cc   0x00000480   Code   RO          962    .text               stm32f4xx_spi.o
    0x0800694c   0x0800694c   0x00000110   Code   RO          982    .text               stm32f4xx_exti.o
    0x08006a5c   0x08006a5c   0x00000040   Code   RO         1026    .text               startup_stm32f40_41xxx.o
    0x08006a9c   0x08006a9c   0x00000002   Code   RO         1032    .text               c_w.l(use_no_semi_2.o)
    0x08006a9e   0x08006a9e   0x00000002   PAD
    0x08006aa0   0x08006aa0   0x00000018   Code   RO         1036    .text               c_w.l(noretval__2printf.o)
    0x08006ab8   0x08006ab8   0x0000004e   Code   RO         1040    .text               c_w.l(_printf_pad.o)
    0x08006b06   0x08006b06   0x00000052   Code   RO         1042    .text               c_w.l(_printf_str.o)
    0x08006b58   0x08006b58   0x00000078   Code   RO         1044    .text               c_w.l(_printf_dec.o)
    0x08006bd0   0x08006bd0   0x00000058   Code   RO         1049    .text               c_w.l(_printf_hex_int.o)
    0x08006c28   0x08006c28   0x00000188   Code   RO         1084    .text               c_w.l(__printf_flags_ss_wp.o)
    0x08006db0   0x08006db0   0x00000006   Code   RO         1093    .text               c_w.l(heapauxi.o)
    0x08006db6   0x08006db6   0x00000002   Code   RO         1121    .text               c_w.l(use_no_semi.o)
    0x08006db8   0x08006db8   0x000000b2   Code   RO         1124    .text               c_w.l(_printf_intcommon.o)
    0x08006e6a   0x08006e6a   0x0000002c   Code   RO         1126    .text               c_w.l(_printf_char.o)
    0x08006e96   0x08006e96   0x00000002   PAD
    0x08006e98   0x08006e98   0x00000024   Code   RO         1128    .text               c_w.l(_printf_char_file.o)
    0x08006ebc   0x08006ebc   0x00000030   Code   RO         1153    .text               c_w.l(_printf_char_common.o)
    0x08006eec   0x08006eec   0x00000008   Code   RO         1155    .text               c_w.l(ferror.o)
    0x08006ef4   0x08006ef4   0x0000004a   Code   RO         1159    .text               c_w.l(sys_stackheap_outer.o)
    0x08006f3e   0x08006f3e   0x00000012   Code   RO         1163    .text               c_w.l(exit.o)
    0x08006f50   0x08006f50   0x00000008   Code   RO         1171    .text               c_w.l(libspace.o)
    0x08006f58   0x08006f58   0x0000000e   Code   RO         1077    i._is_digit         c_w.l(__printf_wp.o)
    0x08006f66   0x08006f66   0x00000002   PAD
    0x08006f68   0x08006f68   0x00000150   Code   RO         1097    x$fpl$dadd          fz_wm.l(daddsub_clz.o)
    0x080070b8   0x080070b8   0x000002b0   Code   RO         1104    x$fpl$ddiv          fz_wm.l(ddiv.o)
    0x08007368   0x08007368   0x0000005e   Code   RO         1107    x$fpl$dfix          fz_wm.l(dfix.o)
    0x080073c6   0x080073c6   0x0000002e   Code   RO         1112    x$fpl$dflt          fz_wm.l(dflt_clz.o)
    0x080073f4   0x080073f4   0x00000154   Code   RO         1117    x$fpl$dmul          fz_wm.l(dmul.o)
    0x08007548   0x08007548   0x0000009c   Code   RO         1131    x$fpl$dnaninf       fz_wm.l(dnaninf.o)
    0x080075e4   0x080075e4   0x0000000c   Code   RO         1133    x$fpl$dretinf       fz_wm.l(dretinf.o)
    0x080075f0   0x080075f0   0x000001d4   Code   RO         1099    x$fpl$dsub          fz_wm.l(daddsub_clz.o)
    0x080077c4   0x080077c4   0x00000056   Code   RO         1119    x$fpl$f2d           fz_wm.l(f2d.o)
    0x0800781a   0x0800781a   0x0000008c   Code   RO         1135    x$fpl$fnaninf       fz_wm.l(fnaninf.o)
    0x080078a6   0x080078a6   0x0000000a   Code   RO         1230    x$fpl$fpinit        fz_wm.l(fpinit.o)
    0x080078b0   0x080078b0   0x00000000   Code   RO         1137    x$fpl$usenofp       fz_wm.l(usenofp.o)
    0x080078b0   0x080078b0   0x00000027   Data   RO          277    .constdata          led.o
    0x080078d7   0x080078d7   0x00000014   Data   RO          456    .constdata          can.o
    0x080078eb   0x080078eb   0x0000002a   Data   RO          521    .constdata          protocol.o
    0x08007915   0x08007915   0x00000028   Data   RO         1050    .constdata          c_w.l(_printf_hex_int.o)
    0x0800793d   0x0800793d   0x00000011   Data   RO         1085    .constdata          c_w.l(__printf_flags_ss_wp.o)
    0x0800794e   0x0800794e   0x00000002   PAD
    0x08007950   0x08007950   0x00000028   Data   RO          695    .conststring        usmart.o
    0x08007978   0x08007978   0x0000006b   Data   RO          718    .conststring        usmart_config.o
    0x080079e3   0x080079e3   0x00000001   PAD
    0x080079e4   0x080079e4   0x00000020   Data   RO         1294    Region$$Table       anon$$obj.o


    Execution Region RW_IRAM1 (Exec base: 0x20000000, Load base: 0x08007a04, Size: 0x00000a80, Max: 0x00020000, ABSOLUTE, COMPRESSED[0x0000006c])

    Exec Addr    Load Addr    Size         Type   Attr      Idx    E Section Name        Object

    0x20000000   COMPRESSED   0x00000014   Data   RW          251    .data               system_stm32f4xx.o
    0x20000014   COMPRESSED   0x00000001   Data   RW          278    .data               led.o
    0x20000015   COMPRESSED   0x00000001   Data   RW          320    .data               rs485.o
    0x20000016   COMPRESSED   0x00000002   Data   RW          347    .data               rs232.o
    0x20000018   COMPRESSED   0x00000016   Data   RW          370    .data               timer.o
    0x2000002e   COMPRESSED   0x00000008   Data   RW          457    .data               can.o
    0x20000036   COMPRESSED   0x00000014   Data   RW          522    .data               protocol.o
    0x2000004a   COMPRESSED   0x00000031   Data   RW          550    .data               feedback.o
    0x2000007b   COMPRESSED   0x00000001   PAD
    0x2000007c   COMPRESSED   0x00000004   Data   RW          627    .data               delay.o
    0x20000080   COMPRESSED   0x00000008   Data   RW          668    .data               usart.o
    0x20000088   COMPRESSED   0x0000001c   Data   RW          696    .data               usmart.o
    0x200000a4   COMPRESSED   0x00000114   Data   RW          719    .data               usmart_config.o
    0x200001b8   COMPRESSED   0x00000010   Data   RW          861    .data               stm32f4xx_rcc.o
    0x200001c8        -       0x00000080   Zero   RW          319    .bss                rs485.o
    0x20000248        -       0x00000080   Zero   RW          346    .bss                rs232.o
    0x200002c8        -       0x00000028   Zero   RW          520    .bss                protocol.o
    0x200002f0        -       0x0000002a   Zero   RW          549    .bss                feedback.o
    0x2000031a        -       0x00000100   Zero   RW          667    .bss                usart.o
    0x2000041a   COMPRESSED   0x00000002   PAD
    0x2000041c        -       0x00000060   Zero   RW         1172    .bss                c_w.l(libspace.o)
    0x2000047c   COMPRESSED   0x00000004   PAD
    0x20000480        -       0x00000200   Zero   RW         1024    HEAP                startup_stm32f40_41xxx.o
    0x20000680        -       0x00000400   Zero   RW         1023    STACK               startup_stm32f40_41xxx.o


==============================================================================

Image component sizes


      Code (inc. data)   RO Data    RW Data    ZI Data      Debug   Object Name

       432         48          0          0          0       1472   adc.o
       612         22          0          0          0       1822   botarm.o
      1044        238         20          8          0       2483   can.o
       260          8          0          4          0       1481   delay.o
       200         10          0          0          0        844   exti.o
      1200         72          0         49         42       3860   feedback.o
        44          0          0          0          0        702   iwdg.o
       680        198         39          1          0       1297   led.o
       228         28          0          0          0     316573   main.o
       224         20          0          0          0       1821   misc.o
       296         16          0          0          0       1553   motor.o
       600         12          0          0          0       1936   myiic.o
      1772        664         42         20         40       4554   protocol.o
       160         10          0          0          0        776   pwm.o
       412         20          0          2        128       1984   rs232.o
       332         24          0          1        128       1892   rs485.o
       388         16          0          0          0       1570   spi.o
        64         26        392          0       1536        840   startup_stm32f40_41xxx.o
      1124         24          0          0          0      10694   stm32f4xx_adc.o
      2544         38          0          0          0       8148   stm32f4xx_can.o
       272         10          0          0          0       2291   stm32f4xx_exti.o
       660         44          0          0          0       4161   stm32f4xx_gpio.o
        26          0          0          0          0       1226   stm32f4xx_it.o
        64          6          0          0          0       1345   stm32f4xx_iwdg.o
      1628         52          0         16          0      13040   stm32f4xx_rcc.o
      1152         36          0          0          0       6913   stm32f4xx_spi.o
       148         12          0          0          0       1845   stm32f4xx_syscfg.o
      3234         60          0          0          0      23020   stm32f4xx_tim.o
      1108         34          0          0          0       7888   stm32f4xx_usart.o
       528         46          0         20          0       1783   system_stm32f4xx.o
       372         56          0         22          0       1552   timer.o
       384         18          0          8        256       3651   usart.o
      3128       1290         40         28          0       4394   usmart.o
         0          0        107        276          0       1633   usmart_config.o
      1320         12          0          0          0       5349   usmart_str.o

    ----------------------------------------------------------------------
     26644       3170        673        456       2132     446393   Object Totals
         0          0         32          0          0          0   (incl. Generated)
         4          0          1          1          2          0   (incl. Padding)

    ----------------------------------------------------------------------

      Code (inc. data)   RO Data    RW Data    ZI Data      Debug   Library Member Name

        90          0          0          0          0          0   __dczerorl2.o
         8          0          0          0          0         68   __main.o
       392          4         17          0          0         92   __printf_flags_ss_wp.o
        14          0          0          0          0         68   __printf_wp.o
         0          0          0          0          0          0   __rtentry.o
        12          0          0          0          0          0   __rtentry2.o
         6          0          0          0          0          0   __rtentry4.o
        52          8          0          0          0          0   __scatter.o
        28          0          0          0          0          0   __scatter_zi.o
         6          0          0          0          0          0   _printf_c.o
        44          0          0          0          0        108   _printf_char.o
        48          6          0          0          0         96   _printf_char_common.o
        36          4          0          0          0         80   _printf_char_file.o
         6          0          0          0          0          0   _printf_d.o
       120         16          0          0          0         92   _printf_dec.o
        88          4         40          0          0         88   _printf_hex_int.o
       178          0          0          0          0         88   _printf_intcommon.o
        78          0          0          0          0        108   _printf_pad.o
         0          0          0          0          0          0   _printf_percent.o
         4          0          0          0          0          0   _printf_percent_end.o
         6          0          0          0          0          0   _printf_s.o
        82          0          0          0          0         80   _printf_str.o
         6          0          0          0          0          0   _printf_u.o
         6          0          0          0          0          0   _printf_x.o
        18          0          0          0          0         80   exit.o
         8          0          0          0          0         68   ferror.o
         6          0          0          0          0        152   heapauxi.o
         2          0          0          0          0          0   libinit.o
         6          0          0          0          0          0   libinit2.o
         2          0          0          0          0          0   libshutdown.o
         2          0          0          0          0          0   libshutdown2.o
         8          4          0          0         96         68   libspace.o
        24          4          0          0          0         84   noretval__2printf.o
         2          0          0          0          0          0   rtexit.o
        10          0          0          0          0          0   rtexit2.o
        74          0          0          0          0         80   sys_stackheap_outer.o
         2          0          0          0          0         68   use_no_semi.o
         2          0          0          0          0         68   use_no_semi_2.o
       804         16          0          0          0        368   daddsub_clz.o
       688        140          0          0          0        256   ddiv.o
        94          4          0          0          0        140   dfix.o
        46          0          0          0          0        116   dflt_clz.o
       340         12          0          0          0        152   dmul.o
       156          4          0          0          0        140   dnaninf.o
        12          0          0          0          0        116   dretinf.o
        86          4          0          0          0        132   f2d.o
       140          4          0          0          0        132   fnaninf.o
        10          0          0          0          0        116   fpinit.o
         0          0          0          0          0          0   usenofp.o

    ----------------------------------------------------------------------
      3860        234         59          0        100       3304   Library Totals
         8          0          2          0          4          0   (incl. Padding)

    ----------------------------------------------------------------------

      Code (inc. data)   RO Data    RW Data    ZI Data      Debug   Library Name

      1476         50         57          0         96       1636   c_w.l
      2376        184          0          0          0       1668   fz_wm.l

    ----------------------------------------------------------------------
      3860        234         59          0        100       3304   Library Totals

    ----------------------------------------------------------------------

==============================================================================


      Code (inc. data)   RO Data    RW Data    ZI Data      Debug   

     30504       3404        732        456       2232     441717   Grand Totals
     30504       3404        732        108       2232     441717   ELF Image Totals (compressed)
     30504       3404        732        108          0          0   ROM Totals

==============================================================================

    Total RO  Size (Code + RO Data)                31236 (  30.50kB)
    Total RW  Size (RW Data + ZI Data)              2688 (   2.63kB)
    Total ROM Size (Code + RO Data + RW Data)      31344 (  30.61kB)

==============================================================================

